../Drivers/STM32U5xx_HAL_Driver/Inc/stm32u5xx_ll_gpio.h:283:22:LL_GPIO_SetPinMode	4	static,ignoring_inline_asm
../Drivers/STM32U5xx_HAL_Driver/Inc/stm32u5xx_ll_gpio.h:423:22:LL_GPIO_SetPinSpeed	4	static,ignoring_inline_asm
../Drivers/STM32U5xx_HAL_Driver/Inc/stm32u5xx_ll_gpio.h:494:22:LL_GPIO_SetPinPull	4	static,ignoring_inline_asm
../Drivers/BSP/STM32U5xx_Nucleo/stm32u5xx_nucleo_usbpd_pwr.c:95:9:BSP_USBPD_PWR_Init	16	static
../Drivers/BSP/STM32U5xx_Nucleo/stm32u5xx_nucleo_usbpd_pwr.c:124:9:BSP_USBPD_PWR_Deinit	0	static
../Drivers/BSP/STM32U5xx_Nucleo/stm32u5xx_nucleo_usbpd_pwr.c:148:9:BSP_USBPD_PWR_VBUSInit	0	static
../Drivers/BSP/STM32U5xx_Nucleo/stm32u5xx_nucleo_usbpd_pwr.c:177:9:BSP_USBPD_PWR_VBUSDeInit	0	static
../Drivers/BSP/STM32U5xx_Nucleo/stm32u5xx_nucleo_usbpd_pwr.c:212:9:BSP_USBPD_PWR_VBUSOn	0	static
../Drivers/BSP/STM32U5xx_Nucleo/stm32u5xx_nucleo_usbpd_pwr.c:235:9:BSP_USBPD_PWR_VBUSOff	0	static
../Drivers/BSP/STM32U5xx_Nucleo/stm32u5xx_nucleo_usbpd_pwr.c:259:9:BSP_USBPD_PWR_VBUSIsOn	0	static
../Drivers/BSP/STM32U5xx_Nucleo/stm32u5xx_nucleo_usbpd_pwr.c:286:9:BSP_USBPD_PWR_VBUSSetVoltage_Fixed	0	static
../Drivers/BSP/STM32U5xx_Nucleo/stm32u5xx_nucleo_usbpd_pwr.c:315:9:BSP_USBPD_PWR_VBUSSetVoltage_Variable	0	static
../Drivers/BSP/STM32U5xx_Nucleo/stm32u5xx_nucleo_usbpd_pwr.c:350:9:BSP_USBPD_PWR_VBUSSetVoltage_Battery	0	static
../Drivers/BSP/STM32U5xx_Nucleo/stm32u5xx_nucleo_usbpd_pwr.c:388:9:BSP_USBPD_PWR_VBUSSetVoltage_APDO	0	static
../Drivers/BSP/STM32U5xx_Nucleo/stm32u5xx_nucleo_usbpd_pwr.c:421:9:BSP_USBPD_PWR_SetVBUSDisconnectionThreshold	0	static
../Drivers/BSP/STM32U5xx_Nucleo/stm32u5xx_nucleo_usbpd_pwr.c:451:9:BSP_USBPD_PWR_RegisterVBUSDetectCallback	0	static
../Drivers/BSP/STM32U5xx_Nucleo/stm32u5xx_nucleo_usbpd_pwr.c:477:9:BSP_USBPD_PWR_VBUSGetVoltage	0	static
../Drivers/BSP/STM32U5xx_Nucleo/stm32u5xx_nucleo_usbpd_pwr.c:515:9:BSP_USBPD_PWR_VBUSGetCurrent	0	static
../Drivers/BSP/STM32U5xx_Nucleo/stm32u5xx_nucleo_usbpd_pwr.c:539:9:BSP_USBPD_PWR_VBUSDischargeOn	0	static
../Drivers/BSP/STM32U5xx_Nucleo/stm32u5xx_nucleo_usbpd_pwr.c:562:9:BSP_USBPD_PWR_VBUSDischargeOff	0	static
../Drivers/BSP/STM32U5xx_Nucleo/stm32u5xx_nucleo_usbpd_pwr.c:589:9:BSP_USBPD_PWR_VCONNInit	0	static
../Drivers/BSP/STM32U5xx_Nucleo/stm32u5xx_nucleo_usbpd_pwr.c:618:9:BSP_USBPD_PWR_VCONNDeInit	0	static
../Drivers/BSP/STM32U5xx_Nucleo/stm32u5xx_nucleo_usbpd_pwr.c:647:9:BSP_USBPD_PWR_VCONNOn	0	static
../Drivers/BSP/STM32U5xx_Nucleo/stm32u5xx_nucleo_usbpd_pwr.c:676:9:BSP_USBPD_PWR_VCONNOff	0	static
../Drivers/BSP/STM32U5xx_Nucleo/stm32u5xx_nucleo_usbpd_pwr.c:706:9:BSP_USBPD_PWR_VCONNIsOn	0	static
../Drivers/BSP/STM32U5xx_Nucleo/stm32u5xx_nucleo_usbpd_pwr.c:732:9:BSP_USBPD_PWR_VCONNDischargeOn	0	static
../Drivers/BSP/STM32U5xx_Nucleo/stm32u5xx_nucleo_usbpd_pwr.c:755:9:BSP_USBPD_PWR_VCONNDischargeOff	0	static
