../Middlewares/ST/STM32_USBPD_Library/Devices/STM32U5XX/src/usbpd_cad_hw_if.c:1140:6:CAD_Check_HW_SNK	4	static
../Middlewares/ST/STM32_USBPD_Library/Devices/STM32U5XX/src/usbpd_cad_hw_if.c:1263:17:ManageStateDetached_SNK	16	static
../Middlewares/ST/STM32_USBPD_Library/Devices/STM32U5XX/src/usbpd_cad_hw_if.c:1639:17:ManageStateAttachedWait_SNK	32	static
../Middlewares/ST/STM32_USBPD_Library/Devices/STM32U5XX/src/usbpd_cad_hw_if.c:1689:17:ManageStateAttached_SNK	24	static
../Middlewares/ST/STM32_USBPD_Library/Devices/STM32U5XX/src/usbpd_cad_hw_if.c:431:10:CAD_StateMachine_SNK	8	static
../Drivers/STM32U5xx_HAL_Driver/Inc/stm32u5xx_ll_gpio.h:283:22:LL_GPIO_SetPinMode	4	static,ignoring_inline_asm
../Drivers/STM32U5xx_HAL_Driver/Inc/stm32u5xx_ll_gpio.h:494:22:LL_GPIO_SetPinPull	4	static,ignoring_inline_asm
../Middlewares/ST/STM32_USBPD_Library/Devices/STM32U5XX/src/usbpd_cad_hw_if.c:242:6:CAD_Init	72	static
../Middlewares/ST/STM32_USBPD_Library/Devices/STM32U5XX/src/usbpd_cad_hw_if.c:386:6:CAD_Enter_ErrorRecovery	8	static
../Middlewares/ST/STM32_USBPD_Library/Devices/STM32U5XX/src/usbpd_cad_hw_if.c:1063:10:CAD_StateMachine	8	static,ignoring_inline_asm
