../Middlewares/ST/STM32_USBPD_Library/Devices/STM32U5XX/src/usbpd_hw.c:29:15:USBPD_HW_GetUSPDInstance	0	static
../Middlewares/ST/STM32_USBPD_Library/Devices/STM32U5XX/src/usbpd_hw.c:35:22:USBPD_HW_Init_DMARxInstance	8	static
../Middlewares/ST/STM32_USBPD_Library/Devices/STM32U5XX/src/usbpd_hw.c:53:6:USBPD_HW_DeInit_DMARxInstance	0	static
../Middlewares/ST/STM32_USBPD_Library/Devices/STM32U5XX/src/usbpd_hw.c:58:22:USBPD_HW_Init_DMATxInstance	8	static
../Middlewares/ST/STM32_USBPD_Library/Devices/STM32U5XX/src/usbpd_hw.c:77:6:USBPD_HW_DeInit_DMATxInstance	0	static
../Middlewares/ST/STM32_USBPD_Library/Devices/STM32U5XX/src/usbpd_hw.c:82:10:USBPD_HW_GetRpResistorValue	0	static
../Middlewares/ST/STM32_USBPD_Library/Devices/STM32U5XX/src/usbpd_hw.c:88:6:USBPD_HW_SetFRSSignalling	0	static
