../USBX/App/ux_device_descriptors.c:333:16:USBD_Desc_GetLen	0	static
../USBX/App/ux_device_descriptors.c:305:13:USBD_Desc_GetString	16	static
../USBX/App/ux_device_descriptors.c:582:16:USBD_FrameWork_FindFreeIFNbr	0	static
../USBX/App/ux_device_descriptors.c:608:14:USBD_FrameWork_AddConfDesc	0	static
../USBX/App/ux_device_descriptors.c:633:14:USBD_FrameWork_AssignEp	12	static
../USBX/App/ux_device_descriptors.c:662:13:USBD_FrameWork_CDCDesc	32	static
../USBX/App/ux_device_descriptors.c:491:10:USBD_FrameWork_AddToConfDesc	24	static
../USBX/App/ux_device_descriptors.c:457:10:USBD_FrameWork_AddClass	8	static
../USBX/App/ux_device_descriptors.c:356:17:USBD_Device_Framework_Builder	32	static
../USBX/App/ux_device_descriptors.c:144:10:USBD_Get_Device_Framework_Speed	16	static
../USBX/App/ux_device_descriptors.c:183:10:USBD_Get_String_Framework	32	static
../USBX/App/ux_device_descriptors.c:234:10:USBD_Get_Language_Id_Framework	16	static
../USBX/App/ux_device_descriptors.c:255:10:USBD_Get_Interface_Number	8	static
../USBX/App/ux_device_descriptors.c:287:10:USBD_Get_Configuration_Number	0	static
