../USBX/App/ux_device_cdc_acm.c:237:6:USBD_CDC_ACM_Activate	8	static
../USBX/App/ux_device_cdc_acm.c:311:6:USBD_CDC_ACM_Deactivate	8	static
../USBX/App/ux_device_cdc_acm.c:335:6:USBD_CDC_ACM_ParameterChange	8	static
../USBX/App/ux_device_cdc_acm.c:505:6:VCP_UART_Send	16	static
../USBX/App/ux_device_cdc_acm.c:642:6:UART_Send	24	static
../USBX/App/ux_device_cdc_acm.c:105:6:SendPrompt	8	static
../USBX/App/ux_device_cdc_acm.c:117:6:PutCmdLine	24	static
../USBX/App/ux_device_cdc_acm.c:143:5:GetCmdLine	24	static
../USBX/App/ux_device_cdc_acm.c:413:6:usbx_cdc_acm_read_thread_entry	24	static
../USBX/App/ux_device_cdc_acm.c:520:6:usbx_cdc_acm_write_thread_entry	32	static
../USBX/App/ux_device_cdc_acm.c:664:6:HAL_UART_TxCpltCallback	8	static
../USBX/App/ux_device_cdc_acm.c:680:6:HAL_UART_RxCpltCallback	8	static
../USBX/App/ux_device_cdc_acm.c:716:6:HAL_UART_ErrorCallback	8	static
