../Drivers/CMSIS/Include/core_cm33.h:2711:34:__NVIC_SystemReset	0	static,ignoring_inline_asm
../Core/Src/cmd_dec.c:541:21:CMD_keywordLen	0	static
../Core/Src/cmd_dec.c:557:21:CMD_lineLen	0	static
../Core/Src/cmd_dec.c:825:17:CMD_debug	0	static
../Core/Src/cmd_dec.c:1025:17:CMD_test	0	static
../Core/Src/cmd_dec.c:1254:17:CMD_memw	0	static
../Core/Src/cmd_dec.c:1266:17:CMD_fwreset	8	static
../Core/Src/cmd_dec.c:342:21:CMD_DEC_decode	24	static
../Core/Src/cmd_dec.c:314:21:CMD_DEC_findCmd	24	static
../Core/Src/cmd_dec.c:741:17:CMD_syscfg	16	static
../Core/Src/cmd_dec.c:767:17:CMD_setcfg	8	static
../Core/Src/cmd_dec.c:835:17:CMD_sysinfo	8	static
../Core/Src/cmd_dec.c:844:17:CMD_delay	8	static
../Core/Src/cmd_dec.c:887:17:CMD_sqspi	16	static
../Core/Src/cmd_dec.c:990:17:CMD_qspideinit	8	static
../Core/Src/cmd_dec.c:1000:17:CMD_qspiclk	24	static
../Core/Src/cmd_dec.c:1013:17:CMD_cid	16	static
../Core/Src/cmd_dec.c:1102:17:CMD_led	8	static
../Core/Src/cmd_dec.c:1132:17:CMD_flashw	16	static
../Core/Src/cmd_dec.c:1215:17:CMD_rawspi	24	static
../Core/Src/cmd_dec.c:43:6:Generic_Send	16	static
../Core/Src/cmd_dec.c:696:17:CMD_help	24	static
../Core/Src/cmd_dec.c:722:17:CMD_print	16	static
../Core/Src/cmd_dec.c:902:17:CMD_qspi	32	static
../Core/Src/cmd_dec.c:58:6:Gerneric_ClrRxFlag	0	static
../Core/Src/cmd_dec.c:70:5:Generic_GetRxFlag	0	static
../Core/Src/cmd_dec.c:83:6:Generic_SetRxFlag	0	static
../Core/Src/cmd_dec.c:471:17:CMD_DEC_execute	24	static
../Core/Src/cmd_dec.c:778:17:CMD_repeat	32	static
../Core/Src/cmd_dec.c:853:17:CMD_usr	16	static
../Core/Src/cmd_dec.c:603:6:hex_dump	104	static
../Core/Src/cmd_dec.c:1112:17:CMD_flashr	16	static
../Core/Src/cmd_dec.c:1247:17:CMD_dumpm	8	static
../Core/Src/cmd_dec.c:1276:17:CMD_memt	32	static
../Core/Src/cmd_dec.c:679:5:CMD_getSPIoption	8	static
