../Core/Src/stm32u5xx_hal_msp.c:28:6:HAL_MspInit	16	static
../Core/Src/stm32u5xx_hal_msp.c:77:6:HAL_ADC_MspDeInit	8	static
../Core/Src/stm32u5xx_hal_msp.c:97:6:HAL_OSPI_MspInit	296	static
../Core/Src/stm32u5xx_hal_msp.c:335:6:HAL_OSPI_MspDeInit	8	static
../Core/Src/stm32u5xx_hal_msp.c:366:6:HAL_UART_MspInit	280	static
../Core/Src/stm32u5xx_hal_msp.c:448:6:HAL_UART_MspDeInit	8	static
../Core/Src/stm32u5xx_hal_msp.c:467:6:HAL_SPI_MspInit	280	static
../Core/Src/stm32u5xx_hal_msp.c:544:6:HAL_SPI_MspDeInit	8	static
../Core/Src/stm32u5xx_hal_msp.c:633:6:HAL_PCD_MspInit	240	static
../Core/Src/stm32u5xx_hal_msp.c:714:6:HAL_PCD_MspDeInit	8	static
../Core/Src/stm32u5xx_hal_msp.c:735:6:HAL_I2C_MspInit	288	static
../Core/Src/stm32u5xx_hal_msp.c:832:6:HAL_I2C_MspDeInit	16	static
../Core/Src/stm32u5xx_hal_msp.c:873:6:HAL_SAI_MspInit	152	static
../Core/Src/stm32u5xx_hal_msp.c:1067:6:HAL_SAI_MspDeInit	8	static
