../Drivers/STM32U5xx_HAL_Driver/Src/stm32u5xx_ll_tim.c:807:20:OC1Config	8	static
../Drivers/STM32U5xx_HAL_Driver/Src/stm32u5xx_ll_tim.c:886:20:OC2Config	8	static
../Drivers/STM32U5xx_HAL_Driver/Src/stm32u5xx_ll_tim.c:965:20:OC3Config	8	static
../Drivers/STM32U5xx_HAL_Driver/Src/stm32u5xx_ll_tim.c:1044:20:OC4Config	8	static
../Drivers/STM32U5xx_HAL_Driver/Src/stm32u5xx_ll_tim.c:1123:20:OC5Config	8	static
../Drivers/STM32U5xx_HAL_Driver/Src/stm32u5xx_ll_tim.c:1184:20:OC6Config	8	static
../Drivers/STM32U5xx_HAL_Driver/Src/stm32u5xx_ll_tim.c:1244:20:IC1Config	4	static
../Drivers/STM32U5xx_HAL_Driver/Src/stm32u5xx_ll_tim.c:1277:20:IC2Config	4	static
../Drivers/STM32U5xx_HAL_Driver/Src/stm32u5xx_ll_tim.c:1310:20:IC3Config	4	static
../Drivers/STM32U5xx_HAL_Driver/Src/stm32u5xx_ll_tim.c:1343:20:IC4Config	4	static
../Drivers/STM32U5xx_HAL_Driver/Src/stm32u5xx_ll_tim.c:241:13:LL_TIM_DeInit	0	static
../Drivers/STM32U5xx_HAL_Driver/Src/stm32u5xx_ll_tim.c:317:6:LL_TIM_StructInit	0	static
../Drivers/STM32U5xx_HAL_Driver/Src/stm32u5xx_ll_tim.c:336:13:LL_TIM_Init	0	static
../Drivers/STM32U5xx_HAL_Driver/Src/stm32u5xx_ll_tim.c:388:6:LL_TIM_OC_StructInit	0	static
../Drivers/STM32U5xx_HAL_Driver/Src/stm32u5xx_ll_tim.c:417:13:LL_TIM_OC_Init	8	static
../Drivers/STM32U5xx_HAL_Driver/Src/stm32u5xx_ll_tim.c:455:6:LL_TIM_IC_StructInit	0	static
../Drivers/STM32U5xx_HAL_Driver/Src/stm32u5xx_ll_tim.c:478:13:LL_TIM_IC_Init	8	static
../Drivers/STM32U5xx_HAL_Driver/Src/stm32u5xx_ll_tim.c:509:6:LL_TIM_ENCODER_StructInit	0	static
../Drivers/STM32U5xx_HAL_Driver/Src/stm32u5xx_ll_tim.c:532:13:LL_TIM_ENCODER_Init	4	static
../Drivers/STM32U5xx_HAL_Driver/Src/stm32u5xx_ll_tim.c:595:6:LL_TIM_HALLSENSOR_StructInit	0	static
../Drivers/STM32U5xx_HAL_Driver/Src/stm32u5xx_ll_tim.c:625:13:LL_TIM_HALLSENSOR_Init	12	static
../Drivers/STM32U5xx_HAL_Driver/Src/stm32u5xx_ll_tim.c:704:6:LL_TIM_BDTR_StructInit	0	static
../Drivers/STM32U5xx_HAL_Driver/Src/stm32u5xx_ll_tim.c:739:13:LL_TIM_BDTR_Init	0	static
