../Drivers/STM32U5xx_HAL_Driver/Src/stm32u5xx_hal_dma_ex.c:3660:13:DMA_List_Init	0	static
../Drivers/STM32U5xx_HAL_Driver/Src/stm32u5xx_hal_dma_ex.c:3713:13:DMA_List_BuildNode	4	static
../Drivers/STM32U5xx_HAL_Driver/Src/stm32u5xx_hal_dma_ex.c:3931:13:DMA_List_GetNodeConfig	4	static
../Drivers/STM32U5xx_HAL_Driver/Src/stm32u5xx_hal_dma_ex.c:4092:17:DMA_List_CheckNodesBaseAddresses	0	static
../Drivers/STM32U5xx_HAL_Driver/Src/stm32u5xx_hal_dma_ex.c:4135:17:DMA_List_CheckNodesTypes	0	static
../Drivers/STM32U5xx_HAL_Driver/Src/stm32u5xx_hal_dma_ex.c:4192:13:DMA_List_GetCLLRNodeInfo	0	static
../Drivers/STM32U5xx_HAL_Driver/Src/stm32u5xx_hal_dma_ex.c:4236:17:DMA_List_FindNode	12	static
../Drivers/STM32U5xx_HAL_Driver/Src/stm32u5xx_hal_dma_ex.c:4328:13:DMA_List_ResetQueueNodes	8	static
../Drivers/STM32U5xx_HAL_Driver/Src/stm32u5xx_hal_dma_ex.c:4371:13:DMA_List_FillNode	0	static
../Drivers/STM32U5xx_HAL_Driver/Src/stm32u5xx_hal_dma_ex.c:4506:13:DMA_List_FormatNode	4	static
../Drivers/STM32U5xx_HAL_Driver/Src/stm32u5xx_hal_dma_ex.c:4456:13:DMA_List_ConvertNodeToStatic	64	static
../Drivers/STM32U5xx_HAL_Driver/Src/stm32u5xx_hal_dma_ex.c:4536:13:DMA_List_ClearUnusedFields	0	static
../Drivers/STM32U5xx_HAL_Driver/Src/stm32u5xx_hal_dma_ex.c:4391:13:DMA_List_ConvertNodeToDynamic	64	static
../Drivers/STM32U5xx_HAL_Driver/Src/stm32u5xx_hal_dma_ex.c:4552:13:DMA_List_UpdateDynamicQueueNodesCLLR	32	static
../Drivers/STM32U5xx_HAL_Driver/Src/stm32u5xx_hal_dma_ex.c:4628:13:DMA_List_UpdateStaticQueueNodesCLLR	32	static
../Drivers/STM32U5xx_HAL_Driver/Src/stm32u5xx_hal_dma_ex.c:4682:13:DMA_List_CleanQueue	0	static
../Drivers/STM32U5xx_HAL_Driver/Src/stm32u5xx_hal_dma_ex.c:604:19:HAL_DMAEx_List_Init	16	static
../Drivers/STM32U5xx_HAL_Driver/Src/stm32u5xx_hal_dma_ex.c:673:19:HAL_DMAEx_List_DeInit	16	static
../Drivers/STM32U5xx_HAL_Driver/Src/stm32u5xx_hal_dma_ex.c:817:19:HAL_DMAEx_List_Start	16	static
../Drivers/STM32U5xx_HAL_Driver/Src/stm32u5xx_hal_dma_ex.c:879:19:HAL_DMAEx_List_Start_IT	16	static
../Drivers/STM32U5xx_HAL_Driver/Src/stm32u5xx_hal_dma_ex.c:1047:19:HAL_DMAEx_List_BuildNode	8	static
../Drivers/STM32U5xx_HAL_Driver/Src/stm32u5xx_hal_dma_ex.c:1122:19:HAL_DMAEx_List_GetNodeConfig	8	static
../Drivers/STM32U5xx_HAL_Driver/Src/stm32u5xx_hal_dma_ex.c:1146:19:HAL_DMAEx_List_InsertNode	56	static
../Drivers/STM32U5xx_HAL_Driver/Src/stm32u5xx_hal_dma_ex.c:1276:19:HAL_DMAEx_List_InsertNode_Head	24	static
../Drivers/STM32U5xx_HAL_Driver/Src/stm32u5xx_hal_dma_ex.c:1355:19:HAL_DMAEx_List_InsertNode_Tail	48	static
../Drivers/STM32U5xx_HAL_Driver/Src/stm32u5xx_hal_dma_ex.c:1442:19:HAL_DMAEx_List_RemoveNode	40	static
../Drivers/STM32U5xx_HAL_Driver/Src/stm32u5xx_hal_dma_ex.c:1583:19:HAL_DMAEx_List_RemoveNode_Head	32	static
../Drivers/STM32U5xx_HAL_Driver/Src/stm32u5xx_hal_dma_ex.c:1680:19:HAL_DMAEx_List_RemoveNode_Tail	32	static
../Drivers/STM32U5xx_HAL_Driver/Src/stm32u5xx_hal_dma_ex.c:1775:19:HAL_DMAEx_List_ReplaceNode	56	static
../Drivers/STM32U5xx_HAL_Driver/Src/stm32u5xx_hal_dma_ex.c:1938:19:HAL_DMAEx_List_ReplaceNode_Head	48	static
../Drivers/STM32U5xx_HAL_Driver/Src/stm32u5xx_hal_dma_ex.c:2035:19:HAL_DMAEx_List_ReplaceNode_Tail	48	static
../Drivers/STM32U5xx_HAL_Driver/Src/stm32u5xx_hal_dma_ex.c:2126:19:HAL_DMAEx_List_ResetQ	32	static
../Drivers/STM32U5xx_HAL_Driver/Src/stm32u5xx_hal_dma_ex.c:2198:19:HAL_DMAEx_List_InsertQ	72	static
../Drivers/STM32U5xx_HAL_Driver/Src/stm32u5xx_hal_dma_ex.c:2406:19:HAL_DMAEx_List_InsertQ_Head	72	static
../Drivers/STM32U5xx_HAL_Driver/Src/stm32u5xx_hal_dma_ex.c:2543:19:HAL_DMAEx_List_InsertQ_Tail	72	static
../Drivers/STM32U5xx_HAL_Driver/Src/stm32u5xx_hal_dma_ex.c:2679:19:HAL_DMAEx_List_SetCircularModeConfig	48	static
../Drivers/STM32U5xx_HAL_Driver/Src/stm32u5xx_hal_dma_ex.c:2774:19:HAL_DMAEx_List_SetCircularMode	48	static
../Drivers/STM32U5xx_HAL_Driver/Src/stm32u5xx_hal_dma_ex.c:2857:19:HAL_DMAEx_List_ClearCircularMode	40	static
../Drivers/STM32U5xx_HAL_Driver/Src/stm32u5xx_hal_dma_ex.c:2928:19:HAL_DMAEx_List_ConvertQToDynamic	80	static
../Drivers/STM32U5xx_HAL_Driver/Src/stm32u5xx_hal_dma_ex.c:3030:19:HAL_DMAEx_List_ConvertQToStatic	56	static
../Drivers/STM32U5xx_HAL_Driver/Src/stm32u5xx_hal_dma_ex.c:3107:19:HAL_DMAEx_List_LinkQ	0	static
../Drivers/STM32U5xx_HAL_Driver/Src/stm32u5xx_hal_dma_ex.c:3188:19:HAL_DMAEx_List_UnLinkQ	0	static
../Drivers/STM32U5xx_HAL_Driver/Src/stm32u5xx_hal_dma_ex.c:3258:19:HAL_DMAEx_ConfigDataHandling	0	static
../Drivers/STM32U5xx_HAL_Driver/Src/stm32u5xx_hal_dma_ex.c:3298:19:HAL_DMAEx_ConfigTrigger	4	static
../Drivers/STM32U5xx_HAL_Driver/Src/stm32u5xx_hal_dma_ex.c:3343:19:HAL_DMAEx_ConfigRepeatBlock	0	static
../Drivers/STM32U5xx_HAL_Driver/Src/stm32u5xx_hal_dma_ex.c:3482:19:HAL_DMAEx_Suspend	16	static
../Drivers/STM32U5xx_HAL_Driver/Src/stm32u5xx_hal_dma_ex.c:3541:19:HAL_DMAEx_Suspend_IT	0	static
../Drivers/STM32U5xx_HAL_Driver/Src/stm32u5xx_hal_dma_ex.c:3575:19:HAL_DMAEx_Resume	0	static
../Drivers/STM32U5xx_HAL_Driver/Src/stm32u5xx_hal_dma_ex.c:3636:10:HAL_DMAEx_GetFifoLevel	0	static
