../Drivers/STM32U5xx_HAL_Driver/Src/stm32u5xx_hal_i2c.c:6929:13:I2C_Flush_TXDR	0	static
../Drivers/STM32U5xx_HAL_Driver/Src/stm32u5xx_hal_i2c.c:7545:13:I2C_TransferConfig	4	static
../Drivers/STM32U5xx_HAL_Driver/Src/stm32u5xx_hal_i2c.c:7572:13:I2C_Enable_IRQ	0	static
../Drivers/STM32U5xx_HAL_Driver/Src/stm32u5xx_hal_i2c.c:7667:13:I2C_Disable_IRQ	0	static
../Drivers/STM32U5xx_HAL_Driver/Src/stm32u5xx_hal_i2c.c:7730:13:I2C_ConvertOtherXferOptions	0	static
../Drivers/STM32U5xx_HAL_Driver/Src/stm32u5xx_hal_i2c.c:7404:26:I2C_IsErrorOccurred	24	static
../Drivers/STM32U5xx_HAL_Driver/Src/stm32u5xx_hal_i2c.c:7249:26:I2C_WaitOnTXISFlagUntilTimeout	16	static
../Drivers/STM32U5xx_HAL_Driver/Src/stm32u5xx_hal_i2c.c:7215:26:I2C_WaitOnFlagUntilTimeout	24	static
../Drivers/STM32U5xx_HAL_Driver/Src/stm32u5xx_hal_i2c.c:6072:26:I2C_RequestMemoryWrite	32	static
../Drivers/STM32U5xx_HAL_Driver/Src/stm32u5xx_hal_i2c.c:6127:26:I2C_RequestMemoryRead	32	static
../Drivers/STM32U5xx_HAL_Driver/Src/stm32u5xx_hal_i2c.c:7290:26:I2C_WaitOnSTOPFlagUntilTimeout	16	static
../Drivers/STM32U5xx_HAL_Driver/Src/stm32u5xx_hal_i2c.c:7328:26:I2C_WaitOnRXNEFlagUntilTimeout	16	static
../Drivers/STM32U5xx_HAL_Driver/Src/stm32u5xx_hal_i2c.c:702:13:HAL_I2C_MspInit	0	static
../Drivers/STM32U5xx_HAL_Driver/Src/stm32u5xx_hal_i2c.c:541:19:HAL_I2C_Init	8	static
../Drivers/STM32U5xx_HAL_Driver/Src/stm32u5xx_hal_i2c.c:718:13:HAL_I2C_MspDeInit	0	static
../Drivers/STM32U5xx_HAL_Driver/Src/stm32u5xx_hal_i2c.c:656:19:HAL_I2C_DeInit	8	static
../Drivers/STM32U5xx_HAL_Driver/Src/stm32u5xx_hal_i2c.c:1125:19:HAL_I2C_Master_Transmit	40	static
../Drivers/STM32U5xx_HAL_Driver/Src/stm32u5xx_hal_i2c.c:1244:19:HAL_I2C_Master_Receive	40	static
../Drivers/STM32U5xx_HAL_Driver/Src/stm32u5xx_hal_i2c.c:1362:19:HAL_I2C_Slave_Transmit	32	static
../Drivers/STM32U5xx_HAL_Driver/Src/stm32u5xx_hal_i2c.c:1518:19:HAL_I2C_Slave_Receive	32	static
../Drivers/STM32U5xx_HAL_Driver/Src/stm32u5xx_hal_i2c.c:1648:19:HAL_I2C_Master_Transmit_IT	24	static
../Drivers/STM32U5xx_HAL_Driver/Src/stm32u5xx_hal_i2c.c:1727:19:HAL_I2C_Master_Receive_IT	24	static
../Drivers/STM32U5xx_HAL_Driver/Src/stm32u5xx_hal_i2c.c:1804:19:HAL_I2C_Slave_Transmit_IT	8	static
../Drivers/STM32U5xx_HAL_Driver/Src/stm32u5xx_hal_i2c.c:1868:19:HAL_I2C_Slave_Receive_IT	16	static
../Drivers/STM32U5xx_HAL_Driver/Src/stm32u5xx_hal_i2c.c:1921:19:HAL_I2C_Master_Transmit_DMA	24	static
../Drivers/STM32U5xx_HAL_Driver/Src/stm32u5xx_hal_i2c.c:2111:19:HAL_I2C_Master_Receive_DMA	24	static
../Drivers/STM32U5xx_HAL_Driver/Src/stm32u5xx_hal_i2c.c:2299:19:HAL_I2C_Slave_Transmit_DMA	8	static
../Drivers/STM32U5xx_HAL_Driver/Src/stm32u5xx_hal_i2c.c:2469:19:HAL_I2C_Slave_Receive_DMA	16	static
../Drivers/STM32U5xx_HAL_Driver/Src/stm32u5xx_hal_i2c.c:2613:19:HAL_I2C_Mem_Write	48	static
../Drivers/STM32U5xx_HAL_Driver/Src/stm32u5xx_hal_i2c.c:2750:19:HAL_I2C_Mem_Read	48	static
../Drivers/STM32U5xx_HAL_Driver/Src/stm32u5xx_hal_i2c.c:2887:19:HAL_I2C_Mem_Write_IT	24	static
../Drivers/STM32U5xx_HAL_Driver/Src/stm32u5xx_hal_i2c.c:2974:19:HAL_I2C_Mem_Read_IT	24	static
../Drivers/STM32U5xx_HAL_Driver/Src/stm32u5xx_hal_i2c.c:3062:19:HAL_I2C_Mem_Write_DMA	32	static
../Drivers/STM32U5xx_HAL_Driver/Src/stm32u5xx_hal_i2c.c:3242:19:HAL_I2C_Mem_Read_DMA	32	static
../Drivers/STM32U5xx_HAL_Driver/Src/stm32u5xx_hal_i2c.c:3422:19:HAL_I2C_IsDeviceReady	48	static
../Drivers/STM32U5xx_HAL_Driver/Src/stm32u5xx_hal_i2c.c:3564:19:HAL_I2C_Master_Seq_Transmit_IT	24	static
../Drivers/STM32U5xx_HAL_Driver/Src/stm32u5xx_hal_i2c.c:3656:19:HAL_I2C_Master_Seq_Transmit_DMA	32	static
../Drivers/STM32U5xx_HAL_Driver/Src/stm32u5xx_hal_i2c.c:3859:19:HAL_I2C_Master_Seq_Receive_IT	24	static
../Drivers/STM32U5xx_HAL_Driver/Src/stm32u5xx_hal_i2c.c:3947:19:HAL_I2C_Master_Seq_Receive_DMA	32	static
../Drivers/STM32U5xx_HAL_Driver/Src/stm32u5xx_hal_i2c.c:4147:19:HAL_I2C_Slave_Seq_Transmit_IT	24	static
../Drivers/STM32U5xx_HAL_Driver/Src/stm32u5xx_hal_i2c.c:4250:19:HAL_I2C_Slave_Seq_Transmit_DMA	24	static
../Drivers/STM32U5xx_HAL_Driver/Src/stm32u5xx_hal_i2c.c:4469:19:HAL_I2C_Slave_Seq_Receive_IT	24	static
../Drivers/STM32U5xx_HAL_Driver/Src/stm32u5xx_hal_i2c.c:4572:19:HAL_I2C_Slave_Seq_Receive_DMA	24	static
../Drivers/STM32U5xx_HAL_Driver/Src/stm32u5xx_hal_i2c.c:4787:19:HAL_I2C_EnableListen_IT	8	static
../Drivers/STM32U5xx_HAL_Driver/Src/stm32u5xx_hal_i2c.c:4811:19:HAL_I2C_DisableListen_IT	8	static
../Drivers/STM32U5xx_HAL_Driver/Src/stm32u5xx_hal_i2c.c:4844:19:HAL_I2C_Master_Abort_IT	24	static
../Drivers/STM32U5xx_HAL_Driver/Src/stm32u5xx_hal_i2c.c:4906:6:HAL_I2C_EV_IRQHandler	8	static
../Drivers/STM32U5xx_HAL_Driver/Src/stm32u5xx_hal_i2c.c:4977:13:HAL_I2C_MasterTxCpltCallback	0	static
../Drivers/STM32U5xx_HAL_Driver/Src/stm32u5xx_hal_i2c.c:4993:13:HAL_I2C_MasterRxCpltCallback	0	static
../Drivers/STM32U5xx_HAL_Driver/Src/stm32u5xx_hal_i2c.c:6271:13:I2C_ITMasterSeqCplt	16	static
../Drivers/STM32U5xx_HAL_Driver/Src/stm32u5xx_hal_i2c.c:5008:13:HAL_I2C_SlaveTxCpltCallback	0	static
../Drivers/STM32U5xx_HAL_Driver/Src/stm32u5xx_hal_i2c.c:5024:13:HAL_I2C_SlaveRxCpltCallback	0	static
../Drivers/STM32U5xx_HAL_Driver/Src/stm32u5xx_hal_i2c.c:6324:13:I2C_ITSlaveSeqCplt	8	static
../Drivers/STM32U5xx_HAL_Driver/Src/stm32u5xx_hal_i2c.c:7029:13:I2C_DMASlaveTransmitCplt	8	static
../Drivers/STM32U5xx_HAL_Driver/Src/stm32u5xx_hal_i2c.c:7136:13:I2C_DMASlaveReceiveCplt	16	static
../Drivers/STM32U5xx_HAL_Driver/Src/stm32u5xx_hal_i2c.c:5042:13:HAL_I2C_AddrCallback	0	static
../Drivers/STM32U5xx_HAL_Driver/Src/stm32u5xx_hal_i2c.c:6176:13:I2C_ITAddrCplt	24	static
../Drivers/STM32U5xx_HAL_Driver/Src/stm32u5xx_hal_i2c.c:5060:13:HAL_I2C_ListenCpltCallback	0	static
../Drivers/STM32U5xx_HAL_Driver/Src/stm32u5xx_hal_i2c.c:6705:13:I2C_ITListenCplt	8	static
../Drivers/STM32U5xx_HAL_Driver/Src/stm32u5xx_hal_i2c.c:5076:13:HAL_I2C_MemTxCpltCallback	0	static
../Drivers/STM32U5xx_HAL_Driver/Src/stm32u5xx_hal_i2c.c:5092:13:HAL_I2C_MemRxCpltCallback	0	static
../Drivers/STM32U5xx_HAL_Driver/Src/stm32u5xx_hal_i2c.c:5108:13:HAL_I2C_ErrorCallback	0	static
../Drivers/STM32U5xx_HAL_Driver/Src/stm32u5xx_hal_i2c.c:5124:13:HAL_I2C_AbortCpltCallback	0	static
../Drivers/STM32U5xx_HAL_Driver/Src/stm32u5xx_hal_i2c.c:6891:13:I2C_TreatErrorCallback	8	static
../Drivers/STM32U5xx_HAL_Driver/Src/stm32u5xx_hal_i2c.c:6756:13:I2C_ITError	8	static
../Drivers/STM32U5xx_HAL_Driver/Src/stm32u5xx_hal_i2c.c:6543:13:I2C_ITSlaveCplt	16	static
../Drivers/STM32U5xx_HAL_Driver/Src/stm32u5xx_hal_i2c.c:5496:26:I2C_Slave_ISR_IT	24	static
../Drivers/STM32U5xx_HAL_Driver/Src/stm32u5xx_hal_i2c.c:6400:13:I2C_ITMasterCplt	24	static
../Drivers/STM32U5xx_HAL_Driver/Src/stm32u5xx_hal_i2c.c:5207:26:I2C_Master_ISR_IT	24	static
../Drivers/STM32U5xx_HAL_Driver/Src/stm32u5xx_hal_i2c.c:5778:26:I2C_Mem_ISR_DMA	16	static
../Drivers/STM32U5xx_HAL_Driver/Src/stm32u5xx_hal_i2c.c:5926:26:I2C_Slave_ISR_DMA	24	static
../Drivers/STM32U5xx_HAL_Driver/Src/stm32u5xx_hal_i2c.c:5638:26:I2C_Master_ISR_DMA	16	static
../Drivers/STM32U5xx_HAL_Driver/Src/stm32u5xx_hal_i2c.c:7165:13:I2C_DMAError	8	static
../Drivers/STM32U5xx_HAL_Driver/Src/stm32u5xx_hal_i2c.c:6951:13:I2C_DMAMasterTransmitCplt	8	static
../Drivers/STM32U5xx_HAL_Driver/Src/stm32u5xx_hal_i2c.c:7058:13:I2C_DMAMasterReceiveCplt	8	static
../Drivers/STM32U5xx_HAL_Driver/Src/stm32u5xx_hal_i2c.c:5353:26:I2C_Mem_ISR_IT	24	static
../Drivers/STM32U5xx_HAL_Driver/Src/stm32u5xx_hal_i2c.c:4925:6:HAL_I2C_ER_IRQHandler	8	static
../Drivers/STM32U5xx_HAL_Driver/Src/stm32u5xx_hal_i2c.c:7184:13:I2C_DMAAbort	8	static
../Drivers/STM32U5xx_HAL_Driver/Src/stm32u5xx_hal_i2c.c:5159:22:HAL_I2C_GetState	0	static
../Drivers/STM32U5xx_HAL_Driver/Src/stm32u5xx_hal_i2c.c:5171:21:HAL_I2C_GetMode	0	static
../Drivers/STM32U5xx_HAL_Driver/Src/stm32u5xx_hal_i2c.c:5182:10:HAL_I2C_GetError	0	static
