../Drivers/STM32U5xx_HAL_Driver/Src/stm32u5xx_hal.c:201:13:HAL_MspInit	0	static
../Drivers/STM32U5xx_HAL_Driver/Src/stm32u5xx_hal.c:212:13:HAL_MspDeInit	0	static
../Drivers/STM32U5xx_HAL_Driver/Src/stm32u5xx_hal.c:172:19:HAL_DeInit	8	static
../Drivers/STM32U5xx_HAL_Driver/Src/stm32u5xx_hal.c:235:26:HAL_InitTick	8	static
../Drivers/STM32U5xx_HAL_Driver/Src/stm32u5xx_hal.c:140:19:HAL_Init	8	static
../Drivers/STM32U5xx_HAL_Driver/Src/stm32u5xx_hal.c:300:13:HAL_IncTick	0	static
../Drivers/STM32U5xx_HAL_Driver/Src/stm32u5xx_hal.c:311:17:HAL_GetTick	0	static
../Drivers/STM32U5xx_HAL_Driver/Src/stm32u5xx_hal.c:320:10:HAL_GetTickPrio	0	static
../Drivers/STM32U5xx_HAL_Driver/Src/stm32u5xx_hal.c:329:19:HAL_SetTickFreq	8	static
../Drivers/STM32U5xx_HAL_Driver/Src/stm32u5xx_hal.c:353:21:HAL_GetTickFreq	0	static
../Drivers/STM32U5xx_HAL_Driver/Src/stm32u5xx_hal.c:369:13:HAL_Delay	16	static
../Drivers/STM32U5xx_HAL_Driver/Src/stm32u5xx_hal.c:395:13:HAL_SuspendTick	0	static
../Drivers/STM32U5xx_HAL_Driver/Src/stm32u5xx_hal.c:411:13:HAL_ResumeTick	0	static
../Drivers/STM32U5xx_HAL_Driver/Src/stm32u5xx_hal.c:421:10:HAL_GetHalVersion	0	static
../Drivers/STM32U5xx_HAL_Driver/Src/stm32u5xx_hal.c:430:10:HAL_GetREVID	0	static
../Drivers/STM32U5xx_HAL_Driver/Src/stm32u5xx_hal.c:439:10:HAL_GetDEVID	0	static
../Drivers/STM32U5xx_HAL_Driver/Src/stm32u5xx_hal.c:448:10:HAL_GetUIDw0	0	static
../Drivers/STM32U5xx_HAL_Driver/Src/stm32u5xx_hal.c:457:10:HAL_GetUIDw1	0	static
../Drivers/STM32U5xx_HAL_Driver/Src/stm32u5xx_hal.c:466:10:HAL_GetUIDw2	0	static
../Drivers/STM32U5xx_HAL_Driver/Src/stm32u5xx_hal.c:495:6:HAL_DBGMCU_EnableDBGStopMode	0	static
../Drivers/STM32U5xx_HAL_Driver/Src/stm32u5xx_hal.c:504:6:HAL_DBGMCU_DisableDBGStopMode	0	static
../Drivers/STM32U5xx_HAL_Driver/Src/stm32u5xx_hal.c:513:6:HAL_DBGMCU_EnableDBGStandbyMode	0	static
../Drivers/STM32U5xx_HAL_Driver/Src/stm32u5xx_hal.c:522:6:HAL_DBGMCU_DisableDBGStandbyMode	0	static
../Drivers/STM32U5xx_HAL_Driver/Src/stm32u5xx_hal.c:561:6:HAL_SYSCFG_VREFBUF_VoltageScalingConfig	0	static
../Drivers/STM32U5xx_HAL_Driver/Src/stm32u5xx_hal.c:577:6:HAL_SYSCFG_VREFBUF_HighImpedanceConfig	0	static
../Drivers/STM32U5xx_HAL_Driver/Src/stm32u5xx_hal.c:589:6:HAL_SYSCFG_VREFBUF_TrimmingConfig	0	static
../Drivers/STM32U5xx_HAL_Driver/Src/stm32u5xx_hal.c:601:19:HAL_SYSCFG_EnableVREFBUF	8	static
../Drivers/STM32U5xx_HAL_Driver/Src/stm32u5xx_hal.c:627:6:HAL_SYSCFG_DisableVREFBUF	0	static
../Drivers/STM32U5xx_HAL_Driver/Src/stm32u5xx_hal.c:637:6:HAL_SYSCFG_EnableIOAnalogSwitchBooster	0	static
../Drivers/STM32U5xx_HAL_Driver/Src/stm32u5xx_hal.c:647:6:HAL_SYSCFG_DisableIOAnalogSwitchBooster	0	static
../Drivers/STM32U5xx_HAL_Driver/Src/stm32u5xx_hal.c:658:6:HAL_SYSCFG_EnableSRAMCached	0	static
../Drivers/STM32U5xx_HAL_Driver/Src/stm32u5xx_hal.c:668:6:HAL_SYSCFG_DisableSRAMCached	0	static
../Drivers/STM32U5xx_HAL_Driver/Src/stm32u5xx_hal.c:681:6:HAL_SYSCFG_EnableVddCompensationCell	0	static
../Drivers/STM32U5xx_HAL_Driver/Src/stm32u5xx_hal.c:693:6:HAL_SYSCFG_EnableVddIO2CompensationCell	0	static
../Drivers/STM32U5xx_HAL_Driver/Src/stm32u5xx_hal.c:704:6:HAL_SYSCFG_EnableVddHSPICompensationCell	0	static
../Drivers/STM32U5xx_HAL_Driver/Src/stm32u5xx_hal.c:716:6:HAL_SYSCFG_DisableVddCompensationCell	0	static
../Drivers/STM32U5xx_HAL_Driver/Src/stm32u5xx_hal.c:728:6:HAL_SYSCFG_DisableVddIO2CompensationCell	0	static
../Drivers/STM32U5xx_HAL_Driver/Src/stm32u5xx_hal.c:739:6:HAL_SYSCFG_DisableVddHSPICompensationCell	0	static
../Drivers/STM32U5xx_HAL_Driver/Src/stm32u5xx_hal.c:768:6:HAL_SYSCFG_Lock	0	static
../Drivers/STM32U5xx_HAL_Driver/Src/stm32u5xx_hal.c:789:19:HAL_SYSCFG_GetLock	0	static
../Drivers/STM32U5xx_HAL_Driver/Src/stm32u5xx_hal.c:911:6:HAL_SYSCFG_EnableOTGPHY	0	static
../Drivers/STM32U5xx_HAL_Driver/Src/stm32u5xx_hal.c:925:6:HAL_SYSCFG_SetOTGPHYPowerDownConfig	0	static
../Drivers/STM32U5xx_HAL_Driver/Src/stm32u5xx_hal.c:939:6:HAL_SYSCFG_SetOTGPHYReferenceClockSelection	0	static
../Drivers/STM32U5xx_HAL_Driver/Src/stm32u5xx_hal.c:954:6:HAL_SYSCFG_SetOTGPHYDisconnectThreshold	0	static
../Drivers/STM32U5xx_HAL_Driver/Src/stm32u5xx_hal.c:970:6:HAL_SYSCFG_SetOTGPHYSquelchThreshold	0	static
../Drivers/STM32U5xx_HAL_Driver/Src/stm32u5xx_hal.c:986:6:HAL_SYSCFG_SetOTGPHYPreemphasisCurrent	0	static
