../Drivers/STM32U5xx_HAL_Driver/Src/stm32u5xx_hal_rcc.c:2201:26:RCC_SetFlashLatencyFromMSIRange	24	static
../Drivers/STM32U5xx_HAL_Driver/Src/stm32u5xx_hal_rcc.c:360:19:HAL_RCC_DeInit	16	static
../Drivers/STM32U5xx_HAL_Driver/Src/stm32u5xx_hal_rcc.c:1673:6:HAL_RCC_MCOConfig	40	static
../Drivers/STM32U5xx_HAL_Driver/Src/stm32u5xx_hal_rcc.c:1725:10:HAL_RCC_GetSysClockFreq	4	static
../Drivers/STM32U5xx_HAL_Driver/Src/stm32u5xx_hal_rcc.c:1368:19:HAL_RCC_ClockConfig	32	static
../Drivers/STM32U5xx_HAL_Driver/Src/stm32u5xx_hal_rcc.c:1827:10:HAL_RCC_GetHCLKFreq	8	static
../Drivers/STM32U5xx_HAL_Driver/Src/stm32u5xx_hal_rcc.c:542:19:HAL_RCC_OscConfig	40	static
../Drivers/STM32U5xx_HAL_Driver/Src/stm32u5xx_hal_rcc.c:1839:10:HAL_RCC_GetPCLK1Freq	8	static
../Drivers/STM32U5xx_HAL_Driver/Src/stm32u5xx_hal_rcc.c:1851:10:HAL_RCC_GetPCLK2Freq	8	static
../Drivers/STM32U5xx_HAL_Driver/Src/stm32u5xx_hal_rcc.c:1863:10:HAL_RCC_GetPCLK3Freq	8	static
../Drivers/STM32U5xx_HAL_Driver/Src/stm32u5xx_hal_rcc.c:1875:6:HAL_RCC_GetOscConfig	4	static
../Drivers/STM32U5xx_HAL_Driver/Src/stm32u5xx_hal_rcc.c:1976:6:HAL_RCC_GetClockConfig	0	static
../Drivers/STM32U5xx_HAL_Driver/Src/stm32u5xx_hal_rcc.c:2011:10:HAL_RCC_GetResetSource	0	static
../Drivers/STM32U5xx_HAL_Driver/Src/stm32u5xx_hal_rcc.c:2034:6:HAL_RCC_EnableCSS	0	static
../Drivers/STM32U5xx_HAL_Driver/Src/stm32u5xx_hal_rcc.c:2061:13:HAL_RCC_CSSCallback	0	static
../Drivers/STM32U5xx_HAL_Driver/Src/stm32u5xx_hal_rcc.c:2044:6:HAL_RCC_NMI_IRQHandler	8	static
../Drivers/STM32U5xx_HAL_Driver/Src/stm32u5xx_hal_rcc.c:2090:6:HAL_RCC_ConfigAttributes	0	static
../Drivers/STM32U5xx_HAL_Driver/Src/stm32u5xx_hal_rcc.c:2150:19:HAL_RCC_GetConfigAttributes	0	static
