../Drivers/STM32U5xx_HAL_Driver/Src/stm32u5xx_hal_sai.c:2265:26:SAI_InitI2S	4	static
../Drivers/STM32U5xx_HAL_Driver/Src/stm32u5xx_hal_sai.c:2360:26:SAI_InitPCM	8	static
../Drivers/STM32U5xx_HAL_Driver/Src/stm32u5xx_hal_sai.c:2430:13:SAI_FillFifo	4	static
../Drivers/STM32U5xx_HAL_Driver/Src/stm32u5xx_hal_sai.c:2473:17:SAI_InterruptFlag	0	static
../Drivers/STM32U5xx_HAL_Driver/Src/stm32u5xx_hal_sai.c:2506:26:SAI_Disable	0	static
../Drivers/STM32U5xx_HAL_Driver/Src/stm32u5xx_hal_sai.c:747:13:HAL_SAI_MspInit	0	static
../Drivers/STM32U5xx_HAL_Driver/Src/stm32u5xx_hal_sai.c:370:19:HAL_SAI_Init	16	static
../Drivers/STM32U5xx_HAL_Driver/Src/stm32u5xx_hal_sai.c:331:19:HAL_SAI_InitProtocol	8	static
../Drivers/STM32U5xx_HAL_Driver/Src/stm32u5xx_hal_sai.c:763:13:HAL_SAI_MspDeInit	0	static
../Drivers/STM32U5xx_HAL_Driver/Src/stm32u5xx_hal_sai.c:679:19:HAL_SAI_DeInit	16	static
../Drivers/STM32U5xx_HAL_Driver/Src/stm32u5xx_hal_sai.c:1004:19:HAL_SAI_Transmit	32	static
../Drivers/STM32U5xx_HAL_Driver/Src/stm32u5xx_hal_sai.c:1117:19:HAL_SAI_Receive	32	static
../Drivers/STM32U5xx_HAL_Driver/Src/stm32u5xx_hal_sai.c:1227:19:HAL_SAI_Transmit_IT	8	static
../Drivers/STM32U5xx_HAL_Driver/Src/stm32u5xx_hal_sai.c:1289:19:HAL_SAI_Receive_IT	8	static
../Drivers/STM32U5xx_HAL_Driver/Src/stm32u5xx_hal_sai.c:1347:19:HAL_SAI_DMAPause	0	static
../Drivers/STM32U5xx_HAL_Driver/Src/stm32u5xx_hal_sai.c:1367:19:HAL_SAI_DMAResume	0	static
../Drivers/STM32U5xx_HAL_Driver/Src/stm32u5xx_hal_sai.c:1394:19:HAL_SAI_DMAStop	16	static
../Drivers/STM32U5xx_HAL_Driver/Src/stm32u5xx_hal_sai.c:1456:19:HAL_SAI_Abort	16	static
../Drivers/STM32U5xx_HAL_Driver/Src/stm32u5xx_hal_sai.c:1528:19:HAL_SAI_Transmit_DMA	24	static
../Drivers/STM32U5xx_HAL_Driver/Src/stm32u5xx_hal_sai.c:1659:19:HAL_SAI_Receive_DMA	16	static
../Drivers/STM32U5xx_HAL_Driver/Src/stm32u5xx_hal_sai.c:1772:19:HAL_SAI_EnableTxMuteMode	0	static
../Drivers/STM32U5xx_HAL_Driver/Src/stm32u5xx_hal_sai.c:1791:19:HAL_SAI_DisableTxMuteMode	0	static
../Drivers/STM32U5xx_HAL_Driver/Src/stm32u5xx_hal_sai.c:1809:19:HAL_SAI_EnableRxMuteMode	4	static
../Drivers/STM32U5xx_HAL_Driver/Src/stm32u5xx_hal_sai.c:1832:19:HAL_SAI_DisableRxMuteMode	0	static
../Drivers/STM32U5xx_HAL_Driver/Src/stm32u5xx_hal_sai.c:2126:13:HAL_SAI_TxCpltCallback	0	static
../Drivers/STM32U5xx_HAL_Driver/Src/stm32u5xx_hal_sai.c:2598:13:SAI_Transmit_IT32Bit	8	static
../Drivers/STM32U5xx_HAL_Driver/Src/stm32u5xx_hal_sai.c:2565:13:SAI_Transmit_IT16Bit	8	static
../Drivers/STM32U5xx_HAL_Driver/Src/stm32u5xx_hal_sai.c:2536:13:SAI_Transmit_IT8Bit	8	static
../Drivers/STM32U5xx_HAL_Driver/Src/stm32u5xx_hal_sai.c:2742:13:SAI_DMATxCplt	8	static
../Drivers/STM32U5xx_HAL_Driver/Src/stm32u5xx_hal_sai.c:2142:13:HAL_SAI_TxHalfCpltCallback	0	static
../Drivers/STM32U5xx_HAL_Driver/Src/stm32u5xx_hal_sai.c:2773:13:SAI_DMATxHalfCplt	8	static
../Drivers/STM32U5xx_HAL_Driver/Src/stm32u5xx_hal_sai.c:2158:13:HAL_SAI_RxCpltCallback	0	static
../Drivers/STM32U5xx_HAL_Driver/Src/stm32u5xx_hal_sai.c:2702:13:SAI_Receive_IT32Bit	8	static
../Drivers/STM32U5xx_HAL_Driver/Src/stm32u5xx_hal_sai.c:2666:13:SAI_Receive_IT16Bit	8	static
../Drivers/STM32U5xx_HAL_Driver/Src/stm32u5xx_hal_sai.c:2635:13:SAI_Receive_IT8Bit	8	static
../Drivers/STM32U5xx_HAL_Driver/Src/stm32u5xx_hal_sai.c:2790:13:SAI_DMARxCplt	8	static
../Drivers/STM32U5xx_HAL_Driver/Src/stm32u5xx_hal_sai.c:2174:13:HAL_SAI_RxHalfCpltCallback	0	static
../Drivers/STM32U5xx_HAL_Driver/Src/stm32u5xx_hal_sai.c:2820:13:SAI_DMARxHalfCplt	8	static
../Drivers/STM32U5xx_HAL_Driver/Src/stm32u5xx_hal_sai.c:2190:13:HAL_SAI_ErrorCallback	0	static
../Drivers/STM32U5xx_HAL_Driver/Src/stm32u5xx_hal_sai.c:2837:13:SAI_DMAError	8	static
../Drivers/STM32U5xx_HAL_Driver/Src/stm32u5xx_hal_sai.c:1851:6:HAL_SAI_IRQHandler	8	static
../Drivers/STM32U5xx_HAL_Driver/Src/stm32u5xx_hal_sai.c:2871:13:SAI_DMAAbort	8	static
../Drivers/STM32U5xx_HAL_Driver/Src/stm32u5xx_hal_sai.c:2225:22:HAL_SAI_GetState	0	static
../Drivers/STM32U5xx_HAL_Driver/Src/stm32u5xx_hal_sai.c:2236:10:HAL_SAI_GetError	0	static
