../Drivers/STM32U5xx_HAL_Driver/Src/stm32u5xx_hal_uart.c:3690:13:UART_EndTxTransfer	0	static,ignoring_inline_asm
../Drivers/STM32U5xx_HAL_Driver/Src/stm32u5xx_hal_uart.c:3707:13:UART_EndRxTransfer	0	static,ignoring_inline_asm
../Drivers/STM32U5xx_HAL_Driver/Src/stm32u5xx_hal_uart.c:4126:13:UART_TxISR_8BIT	0	static,ignoring_inline_asm
../Drivers/STM32U5xx_HAL_Driver/Src/stm32u5xx_hal_uart.c:4155:13:UART_TxISR_16BIT	0	static,ignoring_inline_asm
../Drivers/STM32U5xx_HAL_Driver/Src/stm32u5xx_hal_uart.c:4187:13:UART_TxISR_8BIT_FIFOEN	0	static,ignoring_inline_asm
../Drivers/STM32U5xx_HAL_Driver/Src/stm32u5xx_hal_uart.c:4227:13:UART_TxISR_16BIT_FIFOEN	0	static,ignoring_inline_asm
../Drivers/STM32U5xx_HAL_Driver/Src/stm32u5xx_hal_uart.c:681:13:HAL_UART_MspInit	0	static
../Drivers/STM32U5xx_HAL_Driver/Src/stm32u5xx_hal_uart.c:696:13:HAL_UART_MspDeInit	0	static
../Drivers/STM32U5xx_HAL_Driver/Src/stm32u5xx_hal_uart.c:634:19:HAL_UART_DeInit	16	static
../Drivers/STM32U5xx_HAL_Driver/Src/stm32u5xx_hal_uart.c:1312:19:HAL_UART_Transmit_IT	0	static,ignoring_inline_asm
../Drivers/STM32U5xx_HAL_Driver/Src/stm32u5xx_hal_uart.c:1438:19:HAL_UART_Transmit_DMA	8	static,ignoring_inline_asm
../Drivers/STM32U5xx_HAL_Driver/Src/stm32u5xx_hal_uart.c:1583:19:HAL_UART_DMAPause	16	static,ignoring_inline_asm
../Drivers/STM32U5xx_HAL_Driver/Src/stm32u5xx_hal_uart.c:1645:19:HAL_UART_DMAResume	8	static,ignoring_inline_asm
../Drivers/STM32U5xx_HAL_Driver/Src/stm32u5xx_hal_uart.c:1694:19:HAL_UART_DMAStop	16	static,ignoring_inline_asm
../Drivers/STM32U5xx_HAL_Driver/Src/stm32u5xx_hal_uart.c:1770:19:HAL_UART_Abort	8	static,ignoring_inline_asm
../Drivers/STM32U5xx_HAL_Driver/Src/stm32u5xx_hal_uart.c:1879:19:HAL_UART_AbortTransmit	8	static,ignoring_inline_asm
../Drivers/STM32U5xx_HAL_Driver/Src/stm32u5xx_hal_uart.c:1942:19:HAL_UART_AbortReceive	8	static,ignoring_inline_asm
../Drivers/STM32U5xx_HAL_Driver/Src/stm32u5xx_hal_uart.c:2687:13:HAL_UART_TxCpltCallback	0	static
../Drivers/STM32U5xx_HAL_Driver/Src/stm32u5xx_hal_uart.c:3734:13:UART_DMATransmitCplt	8	static,ignoring_inline_asm
../Drivers/STM32U5xx_HAL_Driver/Src/stm32u5xx_hal_uart.c:4268:13:UART_EndTransmit_IT	8	static,ignoring_inline_asm
../Drivers/STM32U5xx_HAL_Driver/Src/stm32u5xx_hal_uart.c:2702:13:HAL_UART_TxHalfCpltCallback	0	static
../Drivers/STM32U5xx_HAL_Driver/Src/stm32u5xx_hal_uart.c:3770:13:UART_DMATxHalfCplt	8	static
../Drivers/STM32U5xx_HAL_Driver/Src/stm32u5xx_hal_uart.c:2717:13:HAL_UART_RxCpltCallback	0	static
../Drivers/STM32U5xx_HAL_Driver/Src/stm32u5xx_hal_uart.c:2732:13:HAL_UART_RxHalfCpltCallback	0	static
../Drivers/STM32U5xx_HAL_Driver/Src/stm32u5xx_hal_uart.c:2747:13:HAL_UART_ErrorCallback	0	static
../Drivers/STM32U5xx_HAL_Driver/Src/stm32u5xx_hal_uart.c:3889:13:UART_DMAError	16	static
../Drivers/STM32U5xx_HAL_Driver/Src/stm32u5xx_hal_uart.c:3929:13:UART_DMAAbortOnError	8	static
../Drivers/STM32U5xx_HAL_Driver/Src/stm32u5xx_hal_uart.c:2762:13:HAL_UART_AbortCpltCallback	0	static
../Drivers/STM32U5xx_HAL_Driver/Src/stm32u5xx_hal_uart.c:2014:19:HAL_UART_Abort_IT	16	static,ignoring_inline_asm
../Drivers/STM32U5xx_HAL_Driver/Src/stm32u5xx_hal_uart.c:4007:13:UART_DMARxAbortCallback	8	static
../Drivers/STM32U5xx_HAL_Driver/Src/stm32u5xx_hal_uart.c:3952:13:UART_DMATxAbortCallback	8	static
../Drivers/STM32U5xx_HAL_Driver/Src/stm32u5xx_hal_uart.c:2777:13:HAL_UART_AbortTransmitCpltCallback	0	static
../Drivers/STM32U5xx_HAL_Driver/Src/stm32u5xx_hal_uart.c:2173:19:HAL_UART_AbortTransmit_IT	8	static,ignoring_inline_asm
../Drivers/STM32U5xx_HAL_Driver/Src/stm32u5xx_hal_uart.c:4059:13:UART_DMATxOnlyAbortCallback	8	static
../Drivers/STM32U5xx_HAL_Driver/Src/stm32u5xx_hal_uart.c:2792:13:HAL_UART_AbortReceiveCpltCallback	0	static
../Drivers/STM32U5xx_HAL_Driver/Src/stm32u5xx_hal_uart.c:2268:19:HAL_UART_AbortReceive_IT	8	static,ignoring_inline_asm
../Drivers/STM32U5xx_HAL_Driver/Src/stm32u5xx_hal_uart.c:4092:13:UART_DMARxOnlyAbortCallback	8	static
../Drivers/STM32U5xx_HAL_Driver/Src/stm32u5xx_hal_uart.c:2809:13:HAL_UARTEx_RxEventCallback	0	static
../Drivers/STM32U5xx_HAL_Driver/Src/stm32u5xx_hal_uart.c:2365:6:HAL_UART_IRQHandler	16	static,ignoring_inline_asm
../Drivers/STM32U5xx_HAL_Driver/Src/stm32u5xx_hal_uart.c:4293:13:UART_RxISR_8BIT	8	static,ignoring_inline_asm
../Drivers/STM32U5xx_HAL_Driver/Src/stm32u5xx_hal_uart.c:4384:13:UART_RxISR_16BIT	8	static,ignoring_inline_asm
../Drivers/STM32U5xx_HAL_Driver/Src/stm32u5xx_hal_uart.c:4477:13:UART_RxISR_8BIT_FIFOEN	32	static,ignoring_inline_asm
../Drivers/STM32U5xx_HAL_Driver/Src/stm32u5xx_hal_uart.c:4639:13:UART_RxISR_16BIT_FIFOEN	32	static,ignoring_inline_asm
../Drivers/STM32U5xx_HAL_Driver/Src/stm32u5xx_hal_uart.c:3851:13:UART_DMARxHalfCplt	8	static
../Drivers/STM32U5xx_HAL_Driver/Src/stm32u5xx_hal_uart.c:3788:13:UART_DMAReceiveCplt	8	static,ignoring_inline_asm
../Drivers/STM32U5xx_HAL_Driver/Src/stm32u5xx_hal_uart.c:2857:6:HAL_UART_ReceiverTimeout_Config	0	static
../Drivers/STM32U5xx_HAL_Driver/Src/stm32u5xx_hal_uart.c:2872:19:HAL_UART_EnableReceiverTimeout	0	static
../Drivers/STM32U5xx_HAL_Driver/Src/stm32u5xx_hal_uart.c:2910:19:HAL_UART_DisableReceiverTimeout	0	static
../Drivers/STM32U5xx_HAL_Driver/Src/stm32u5xx_hal_uart.c:2988:6:HAL_MultiProcessor_EnterMuteMode	0	static
../Drivers/STM32U5xx_HAL_Driver/Src/stm32u5xx_hal_uart.c:2998:19:HAL_HalfDuplex_EnableTransmitter	0	static,ignoring_inline_asm
../Drivers/STM32U5xx_HAL_Driver/Src/stm32u5xx_hal_uart.c:3021:19:HAL_HalfDuplex_EnableReceiver	0	static,ignoring_inline_asm
../Drivers/STM32U5xx_HAL_Driver/Src/stm32u5xx_hal_uart.c:3045:19:HAL_LIN_SendBreak	0	static
../Drivers/STM32U5xx_HAL_Driver/Src/stm32u5xx_hal_uart.c:3090:23:HAL_UART_GetState	0	static
../Drivers/STM32U5xx_HAL_Driver/Src/stm32u5xx_hal_uart.c:3106:10:HAL_UART_GetError	0	static
../Drivers/STM32U5xx_HAL_Driver/Src/stm32u5xx_hal_uart.c:3151:19:UART_SetConfig	16	static
../Drivers/STM32U5xx_HAL_Driver/Src/stm32u5xx_hal_uart.c:3308:6:UART_AdvFeatureConfig	0	static
../Drivers/STM32U5xx_HAL_Driver/Src/stm32u5xx_hal_uart.c:3453:19:UART_WaitOnFlagUntilTimeout	32	static
../Drivers/STM32U5xx_HAL_Driver/Src/stm32u5xx_hal_uart.c:1122:19:HAL_UART_Transmit	32	static
../Drivers/STM32U5xx_HAL_Driver/Src/stm32u5xx_hal_uart.c:1220:19:HAL_UART_Receive	40	static
../Drivers/STM32U5xx_HAL_Driver/Src/stm32u5xx_hal_uart.c:3384:19:UART_CheckIdleState	24	static,ignoring_inline_asm
../Drivers/STM32U5xx_HAL_Driver/Src/stm32u5xx_hal_uart.c:309:19:HAL_UART_Init	8	static
../Drivers/STM32U5xx_HAL_Driver/Src/stm32u5xx_hal_uart.c:384:19:HAL_HalfDuplex_Init	8	static
../Drivers/STM32U5xx_HAL_Driver/Src/stm32u5xx_hal_uart.c:459:19:HAL_LIN_Init	16	static
../Drivers/STM32U5xx_HAL_Driver/Src/stm32u5xx_hal_uart.c:558:19:HAL_MultiProcessor_Init	16	static
../Drivers/STM32U5xx_HAL_Driver/Src/stm32u5xx_hal_uart.c:2948:19:HAL_MultiProcessor_EnableMuteMode	8	static,ignoring_inline_asm
../Drivers/STM32U5xx_HAL_Driver/Src/stm32u5xx_hal_uart.c:2968:19:HAL_MultiProcessor_DisableMuteMode	8	static,ignoring_inline_asm
../Drivers/STM32U5xx_HAL_Driver/Src/stm32u5xx_hal_uart.c:3521:19:UART_Start_Receive_IT	4	static,ignoring_inline_asm
../Drivers/STM32U5xx_HAL_Driver/Src/stm32u5xx_hal_uart.c:1388:19:HAL_UART_Receive_IT	16	static,ignoring_inline_asm
../Drivers/STM32U5xx_HAL_Driver/Src/stm32u5xx_hal_uart.c:3594:19:UART_Start_Receive_DMA	8	static,ignoring_inline_asm
../Drivers/STM32U5xx_HAL_Driver/Src/stm32u5xx_hal_uart.c:1547:19:HAL_UART_Receive_DMA	16	static,ignoring_inline_asm
