../Drivers/STM32U5xx_HAL_Driver/Src/stm32u5xx_hal_mdf.c:3275:17:MDF_GetHandleNumberFromInstance	0	static
../Drivers/STM32U5xx_HAL_Driver/Src/stm32u5xx_hal_mdf.c:3325:13:MDF_AcqStart	8	static
../Drivers/STM32U5xx_HAL_Driver/Src/stm32u5xx_hal_mdf.c:576:13:HAL_MDF_MspInit	0	static
../Drivers/STM32U5xx_HAL_Driver/Src/stm32u5xx_hal_mdf.c:300:19:HAL_MDF_Init	16	static
../Drivers/STM32U5xx_HAL_Driver/Src/stm32u5xx_hal_mdf.c:590:13:HAL_MDF_MspDeInit	0	static
../Drivers/STM32U5xx_HAL_Driver/Src/stm32u5xx_hal_mdf.c:467:19:HAL_MDF_DeInit	16	static
../Drivers/STM32U5xx_HAL_Driver/Src/stm32u5xx_hal_mdf.c:920:19:HAL_MDF_AcqStart	16	static
../Drivers/STM32U5xx_HAL_Driver/Src/stm32u5xx_hal_mdf.c:1142:19:HAL_MDF_GetAcqValue	0	static
../Drivers/STM32U5xx_HAL_Driver/Src/stm32u5xx_hal_mdf.c:1180:19:HAL_MDF_GetSnapshotAcqValue	4	static
../Drivers/STM32U5xx_HAL_Driver/Src/stm32u5xx_hal_mdf.c:1234:19:HAL_MDF_AcqStop	0	static
../Drivers/STM32U5xx_HAL_Driver/Src/stm32u5xx_hal_mdf.c:1297:19:HAL_MDF_AcqStart_IT	8	static
../Drivers/STM32U5xx_HAL_Driver/Src/stm32u5xx_hal_mdf.c:1409:19:HAL_MDF_AcqStop_IT	0	static
../Drivers/STM32U5xx_HAL_Driver/Src/stm32u5xx_hal_mdf.c:1477:19:HAL_MDF_AcqStart_DMA	24	static
../Drivers/STM32U5xx_HAL_Driver/Src/stm32u5xx_hal_mdf.c:1618:19:HAL_MDF_AcqStop_DMA	8	static
../Drivers/STM32U5xx_HAL_Driver/Src/stm32u5xx_hal_mdf.c:1693:19:HAL_MDF_GenerateTrgo	0	static
../Drivers/STM32U5xx_HAL_Driver/Src/stm32u5xx_hal_mdf.c:1736:19:HAL_MDF_SetDelay	0	static
../Drivers/STM32U5xx_HAL_Driver/Src/stm32u5xx_hal_mdf.c:1773:19:HAL_MDF_GetDelay	0	static
../Drivers/STM32U5xx_HAL_Driver/Src/stm32u5xx_hal_mdf.c:1804:19:HAL_MDF_SetGain	0	static
../Drivers/STM32U5xx_HAL_Driver/Src/stm32u5xx_hal_mdf.c:1850:19:HAL_MDF_GetGain	0	static
../Drivers/STM32U5xx_HAL_Driver/Src/stm32u5xx_hal_mdf.c:1895:19:HAL_MDF_SetOffset	0	static
../Drivers/STM32U5xx_HAL_Driver/Src/stm32u5xx_hal_mdf.c:1926:19:HAL_MDF_GetOffset	0	static
../Drivers/STM32U5xx_HAL_Driver/Src/stm32u5xx_hal_mdf.c:1975:19:HAL_MDF_PollForSndLvl	32	static
../Drivers/STM32U5xx_HAL_Driver/Src/stm32u5xx_hal_mdf.c:2037:19:HAL_MDF_PollForSad	24	static
../Drivers/STM32U5xx_HAL_Driver/Src/stm32u5xx_hal_mdf.c:2087:13:HAL_MDF_AcqCpltCallback	0	static
../Drivers/STM32U5xx_HAL_Driver/Src/stm32u5xx_hal_mdf.c:3529:13:MDF_DmaXferCpltCallback	8	static
../Drivers/STM32U5xx_HAL_Driver/Src/stm32u5xx_hal_mdf.c:2101:13:HAL_MDF_AcqHalfCpltCallback	0	static
../Drivers/STM32U5xx_HAL_Driver/Src/stm32u5xx_hal_mdf.c:3551:13:MDF_DmaXferHalfCpltCallback	8	static
../Drivers/STM32U5xx_HAL_Driver/Src/stm32u5xx_hal_mdf.c:2119:13:HAL_MDF_SndLvlCallback	0	static
../Drivers/STM32U5xx_HAL_Driver/Src/stm32u5xx_hal_mdf.c:2135:13:HAL_MDF_SadCallback	0	static
../Drivers/STM32U5xx_HAL_Driver/Src/stm32u5xx_hal_mdf.c:2168:19:HAL_MDF_PollForCkab	24	static
../Drivers/STM32U5xx_HAL_Driver/Src/stm32u5xx_hal_mdf.c:2230:19:HAL_MDF_CkabStart_IT	0	static
../Drivers/STM32U5xx_HAL_Driver/Src/stm32u5xx_hal_mdf.c:2285:19:HAL_MDF_CkabStop_IT	0	static
../Drivers/STM32U5xx_HAL_Driver/Src/stm32u5xx_hal_mdf.c:2353:19:HAL_MDF_ScdStart	0	static
../Drivers/STM32U5xx_HAL_Driver/Src/stm32u5xx_hal_mdf.c:2407:19:HAL_MDF_PollForScd	24	static
../Drivers/STM32U5xx_HAL_Driver/Src/stm32u5xx_hal_mdf.c:2465:19:HAL_MDF_ScdStop	0	static
../Drivers/STM32U5xx_HAL_Driver/Src/stm32u5xx_hal_mdf.c:2509:19:HAL_MDF_ScdStart_IT	0	static
../Drivers/STM32U5xx_HAL_Driver/Src/stm32u5xx_hal_mdf.c:2565:19:HAL_MDF_ScdStop_IT	0	static
../Drivers/STM32U5xx_HAL_Driver/Src/stm32u5xx_hal_mdf.c:2631:19:HAL_MDF_OldStart	4	static
../Drivers/STM32U5xx_HAL_Driver/Src/stm32u5xx_hal_mdf.c:2720:19:HAL_MDF_PollForOld	24	static
../Drivers/STM32U5xx_HAL_Driver/Src/stm32u5xx_hal_mdf.c:2798:19:HAL_MDF_OldStop	0	static
../Drivers/STM32U5xx_HAL_Driver/Src/stm32u5xx_hal_mdf.c:2842:19:HAL_MDF_OldStart_IT	4	static
../Drivers/STM32U5xx_HAL_Driver/Src/stm32u5xx_hal_mdf.c:2931:19:HAL_MDF_OldStop_IT	0	static
../Drivers/STM32U5xx_HAL_Driver/Src/stm32u5xx_hal_mdf.c:2978:13:HAL_MDF_OldCallback	0	static
../Drivers/STM32U5xx_HAL_Driver/Src/stm32u5xx_hal_mdf.c:3226:13:HAL_MDF_ErrorCallback	0	static
../Drivers/STM32U5xx_HAL_Driver/Src/stm32u5xx_hal_mdf.c:1000:19:HAL_MDF_PollForAcq	24	static
../Drivers/STM32U5xx_HAL_Driver/Src/stm32u5xx_hal_mdf.c:1076:19:HAL_MDF_PollForSnapshotAcq	24	static
../Drivers/STM32U5xx_HAL_Driver/Src/stm32u5xx_hal_mdf.c:3567:13:MDF_DmaErrorCallback	8	static
../Drivers/STM32U5xx_HAL_Driver/Src/stm32u5xx_hal_mdf.c:3013:6:HAL_MDF_IRQHandler	8	static
../Drivers/STM32U5xx_HAL_Driver/Src/stm32u5xx_hal_mdf.c:3240:22:HAL_MDF_GetState	0	static
../Drivers/STM32U5xx_HAL_Driver/Src/stm32u5xx_hal_mdf.c:3251:10:HAL_MDF_GetError	0	static
