../Drivers/STM32U5xx_HAL_Driver/Inc/stm32u5xx_ll_rcc.h:3890:22:LL_RCC_PLL1_ConfigDomain_SYS	8	static
../Drivers/STM32U5xx_HAL_Driver/Src/stm32u5xx_ll_utils.c:680:17:UTILS_GetPLLOutputFrequency	0	static
../Drivers/STM32U5xx_HAL_Driver/Src/stm32u5xx_ll_utils.c:711:20:UTILS_PLL_IsBusy	0	static
../Drivers/STM32U5xx_HAL_Driver/Src/stm32u5xx_ll_utils.c:170:6:LL_Init1msTick	0	static
../Drivers/STM32U5xx_HAL_Driver/Src/stm32u5xx_ll_utils.c:187:6:LL_mDelay	8	static
../Drivers/STM32U5xx_HAL_Driver/Src/stm32u5xx_ll_utils.c:259:6:LL_SetSystemCoreClock	0	static
../Drivers/STM32U5xx_HAL_Driver/Src/stm32u5xx_ll_utils.c:273:13:LL_SetFlashLatency	0	static
../Drivers/STM32U5xx_HAL_Driver/Src/stm32u5xx_ll_utils.c:748:20:UTILS_EnablePLLAndSwitchSystem	16	static
../Drivers/STM32U5xx_HAL_Driver/Src/stm32u5xx_ll_utils.c:437:13:LL_PLL_ConfigSystemClock_MSI	16	static
../Drivers/STM32U5xx_HAL_Driver/Src/stm32u5xx_ll_utils.c:548:13:LL_PLL_ConfigSystemClock_HSI	16	static
../Drivers/STM32U5xx_HAL_Driver/Src/stm32u5xx_ll_utils.c:607:13:LL_PLL_ConfigSystemClock_HSE	24	static
