../Drivers/STM32U5xx_HAL_Driver/Src/stm32u5xx_hal_tim.c:7306:13:TIM_OC1_SetConfig	8	static
../Drivers/STM32U5xx_HAL_Driver/Src/stm32u5xx_hal_tim.c:7459:13:TIM_OC3_SetConfig	8	static
../Drivers/STM32U5xx_HAL_Driver/Src/stm32u5xx_hal_tim.c:7534:13:TIM_OC4_SetConfig	8	static
../Drivers/STM32U5xx_HAL_Driver/Src/stm32u5xx_hal_tim.c:7612:13:TIM_OC5_SetConfig	8	static
../Drivers/STM32U5xx_HAL_Driver/Src/stm32u5xx_hal_tim.c:7666:13:TIM_OC6_SetConfig	8	static
../Drivers/STM32U5xx_HAL_Driver/Src/stm32u5xx_hal_tim.c:7909:13:TIM_TI1_ConfigInputStage	4	static
../Drivers/STM32U5xx_HAL_Driver/Src/stm32u5xx_hal_tim.c:7952:13:TIM_TI2_SetConfig	8	static
../Drivers/STM32U5xx_HAL_Driver/Src/stm32u5xx_hal_tim.c:7992:13:TIM_TI2_ConfigInputStage	4	static
../Drivers/STM32U5xx_HAL_Driver/Src/stm32u5xx_hal_tim.c:8035:13:TIM_TI3_SetConfig	8	static
../Drivers/STM32U5xx_HAL_Driver/Src/stm32u5xx_hal_tim.c:8083:13:TIM_TI4_SetConfig	8	static
../Drivers/STM32U5xx_HAL_Driver/Src/stm32u5xx_hal_tim.c:8132:13:TIM_ITRx_SetConfig	0	static
../Drivers/STM32U5xx_HAL_Driver/Src/stm32u5xx_hal_tim.c:384:13:HAL_TIM_Base_MspInit	0	static
../Drivers/STM32U5xx_HAL_Driver/Src/stm32u5xx_hal_tim.c:399:13:HAL_TIM_Base_MspDeInit	0	static
../Drivers/STM32U5xx_HAL_Driver/Src/stm32u5xx_hal_tim.c:341:19:HAL_TIM_Base_DeInit	8	static
../Drivers/STM32U5xx_HAL_Driver/Src/stm32u5xx_hal_tim.c:415:19:HAL_TIM_Base_Start	0	static
../Drivers/STM32U5xx_HAL_Driver/Src/stm32u5xx_hal_tim.c:454:19:HAL_TIM_Base_Stop	0	static
../Drivers/STM32U5xx_HAL_Driver/Src/stm32u5xx_hal_tim.c:474:19:HAL_TIM_Base_Start_IT	0	static
../Drivers/STM32U5xx_HAL_Driver/Src/stm32u5xx_hal_tim.c:516:19:HAL_TIM_Base_Stop_IT	0	static
../Drivers/STM32U5xx_HAL_Driver/Src/stm32u5xx_hal_tim.c:610:19:HAL_TIM_Base_Stop_DMA	8	static
../Drivers/STM32U5xx_HAL_Driver/Src/stm32u5xx_hal_tim.c:768:13:HAL_TIM_OC_MspInit	0	static
../Drivers/STM32U5xx_HAL_Driver/Src/stm32u5xx_hal_tim.c:783:13:HAL_TIM_OC_MspDeInit	0	static
../Drivers/STM32U5xx_HAL_Driver/Src/stm32u5xx_hal_tim.c:725:19:HAL_TIM_OC_DeInit	8	static
../Drivers/STM32U5xx_HAL_Driver/Src/stm32u5xx_hal_tim.c:1437:13:HAL_TIM_PWM_MspInit	0	static
../Drivers/STM32U5xx_HAL_Driver/Src/stm32u5xx_hal_tim.c:1452:13:HAL_TIM_PWM_MspDeInit	0	static
../Drivers/STM32U5xx_HAL_Driver/Src/stm32u5xx_hal_tim.c:1394:19:HAL_TIM_PWM_DeInit	8	static
../Drivers/STM32U5xx_HAL_Driver/Src/stm32u5xx_hal_tim.c:2105:13:HAL_TIM_IC_MspInit	0	static
../Drivers/STM32U5xx_HAL_Driver/Src/stm32u5xx_hal_tim.c:2120:13:HAL_TIM_IC_MspDeInit	0	static
../Drivers/STM32U5xx_HAL_Driver/Src/stm32u5xx_hal_tim.c:2062:19:HAL_TIM_IC_DeInit	8	static
../Drivers/STM32U5xx_HAL_Driver/Src/stm32u5xx_hal_tim.c:2765:13:HAL_TIM_OnePulse_MspInit	0	static
../Drivers/STM32U5xx_HAL_Driver/Src/stm32u5xx_hal_tim.c:2780:13:HAL_TIM_OnePulse_MspDeInit	0	static
../Drivers/STM32U5xx_HAL_Driver/Src/stm32u5xx_hal_tim.c:2720:19:HAL_TIM_OnePulse_DeInit	8	static
../Drivers/STM32U5xx_HAL_Driver/Src/stm32u5xx_hal_tim.c:3202:13:HAL_TIM_Encoder_MspInit	0	static
../Drivers/STM32U5xx_HAL_Driver/Src/stm32u5xx_hal_tim.c:3217:13:HAL_TIM_Encoder_MspDeInit	0	static
../Drivers/STM32U5xx_HAL_Driver/Src/stm32u5xx_hal_tim.c:3157:19:HAL_TIM_Encoder_DeInit	8	static
../Drivers/STM32U5xx_HAL_Driver/Src/stm32u5xx_hal_tim.c:4983:19:HAL_TIM_DMABurst_WriteStop	16	static
../Drivers/STM32U5xx_HAL_Driver/Src/stm32u5xx_hal_tim.c:5438:19:HAL_TIM_DMABurst_ReadStop	16	static
../Drivers/STM32U5xx_HAL_Driver/Src/stm32u5xx_hal_tim.c:5522:19:HAL_TIM_GenerateEvent	0	static
../Drivers/STM32U5xx_HAL_Driver/Src/stm32u5xx_hal_tim.c:5896:19:HAL_TIM_ConfigTI1Input	0	static
../Drivers/STM32U5xx_HAL_Driver/Src/stm32u5xx_hal_tim.c:6011:10:HAL_TIM_ReadCapturedValue	0	static
../Drivers/STM32U5xx_HAL_Driver/Src/stm32u5xx_hal_tim.c:6075:19:TIM_DMA_Start_IT	8	static
../Drivers/STM32U5xx_HAL_Driver/Src/stm32u5xx_hal_tim.c:541:19:HAL_TIM_Base_Start_DMA	16	static
../Drivers/STM32U5xx_HAL_Driver/Src/stm32u5xx_hal_tim.c:4784:19:HAL_TIM_DMABurst_MultiWriteStart	16	static
../Drivers/STM32U5xx_HAL_Driver/Src/stm32u5xx_hal_tim.c:4637:19:HAL_TIM_DMABurst_WriteStart	24	static
../Drivers/STM32U5xx_HAL_Driver/Src/stm32u5xx_hal_tim.c:5239:19:HAL_TIM_DMABurst_MultiReadStart	16	static
../Drivers/STM32U5xx_HAL_Driver/Src/stm32u5xx_hal_tim.c:5093:19:HAL_TIM_DMABurst_ReadStart	24	static
../Drivers/STM32U5xx_HAL_Driver/Src/stm32u5xx_hal_tim.c:6137:13:HAL_TIM_PeriodElapsedCallback	0	static
../Drivers/STM32U5xx_HAL_Driver/Src/stm32u5xx_hal_tim.c:7193:13:TIM_DMAPeriodElapsedCplt	8	static
../Drivers/STM32U5xx_HAL_Driver/Src/stm32u5xx_hal_tim.c:6152:13:HAL_TIM_PeriodElapsedHalfCpltCallback	0	static
../Drivers/STM32U5xx_HAL_Driver/Src/stm32u5xx_hal_tim.c:7209:13:TIM_DMAPeriodElapsedHalfCplt	8	static
../Drivers/STM32U5xx_HAL_Driver/Src/stm32u5xx_hal_tim.c:6167:13:HAL_TIM_OC_DelayElapsedCallback	0	static
../Drivers/STM32U5xx_HAL_Driver/Src/stm32u5xx_hal_tim.c:6182:13:HAL_TIM_IC_CaptureCallback	0	static
../Drivers/STM32U5xx_HAL_Driver/Src/stm32u5xx_hal_tim.c:7115:6:TIM_DMACaptureCplt	8	static
../Drivers/STM32U5xx_HAL_Driver/Src/stm32u5xx_hal_tim.c:6197:13:HAL_TIM_IC_CaptureHalfCpltCallback	0	static
../Drivers/STM32U5xx_HAL_Driver/Src/stm32u5xx_hal_tim.c:7154:6:TIM_DMACaptureHalfCplt	8	static
../Drivers/STM32U5xx_HAL_Driver/Src/stm32u5xx_hal_tim.c:6212:13:HAL_TIM_PWM_PulseFinishedCallback	0	static
../Drivers/STM32U5xx_HAL_Driver/Src/stm32u5xx_hal_tim.c:7037:13:TIM_DMADelayPulseCplt	8	static
../Drivers/STM32U5xx_HAL_Driver/Src/stm32u5xx_hal_tim.c:6227:13:HAL_TIM_PWM_PulseFinishedHalfCpltCallback	0	static
../Drivers/STM32U5xx_HAL_Driver/Src/stm32u5xx_hal_tim.c:7076:6:TIM_DMADelayPulseHalfCplt	8	static
../Drivers/STM32U5xx_HAL_Driver/Src/stm32u5xx_hal_tim.c:6242:13:HAL_TIM_TriggerCallback	0	static
../Drivers/STM32U5xx_HAL_Driver/Src/stm32u5xx_hal_tim.c:3846:6:HAL_TIM_IRQHandler	16	static
../Drivers/STM32U5xx_HAL_Driver/Src/stm32u5xx_hal_tim.c:7225:13:TIM_DMATriggerCplt	8	static
../Drivers/STM32U5xx_HAL_Driver/Src/stm32u5xx_hal_tim.c:6257:13:HAL_TIM_TriggerHalfCpltCallback	0	static
../Drivers/STM32U5xx_HAL_Driver/Src/stm32u5xx_hal_tim.c:7241:13:TIM_DMATriggerHalfCplt	8	static
../Drivers/STM32U5xx_HAL_Driver/Src/stm32u5xx_hal_tim.c:6272:13:HAL_TIM_ErrorCallback	0	static
../Drivers/STM32U5xx_HAL_Driver/Src/stm32u5xx_hal_tim.c:6994:6:TIM_DMAError	8	static
../Drivers/STM32U5xx_HAL_Driver/Src/stm32u5xx_hal_tim.c:6874:22:HAL_TIM_Base_GetState	0	static
../Drivers/STM32U5xx_HAL_Driver/Src/stm32u5xx_hal_tim.c:6884:22:HAL_TIM_OC_GetState	0	static
../Drivers/STM32U5xx_HAL_Driver/Src/stm32u5xx_hal_tim.c:6894:22:HAL_TIM_PWM_GetState	0	static
../Drivers/STM32U5xx_HAL_Driver/Src/stm32u5xx_hal_tim.c:6904:22:HAL_TIM_IC_GetState	0	static
../Drivers/STM32U5xx_HAL_Driver/Src/stm32u5xx_hal_tim.c:6914:22:HAL_TIM_OnePulse_GetState	0	static
../Drivers/STM32U5xx_HAL_Driver/Src/stm32u5xx_hal_tim.c:6924:22:HAL_TIM_Encoder_GetState	0	static
../Drivers/STM32U5xx_HAL_Driver/Src/stm32u5xx_hal_tim.c:6934:23:HAL_TIM_GetActiveChannel	0	static
../Drivers/STM32U5xx_HAL_Driver/Src/stm32u5xx_hal_tim.c:6952:29:HAL_TIM_GetChannelState	0	static
../Drivers/STM32U5xx_HAL_Driver/Src/stm32u5xx_hal_tim.c:6969:30:HAL_TIM_DMABurstState	0	static
../Drivers/STM32U5xx_HAL_Driver/Src/stm32u5xx_hal_tim.c:7258:6:TIM_Base_SetConfig	0	static
../Drivers/STM32U5xx_HAL_Driver/Src/stm32u5xx_hal_tim.c:281:19:HAL_TIM_Base_Init	8	static
../Drivers/STM32U5xx_HAL_Driver/Src/stm32u5xx_hal_tim.c:665:19:HAL_TIM_OC_Init	8	static
../Drivers/STM32U5xx_HAL_Driver/Src/stm32u5xx_hal_tim.c:1334:19:HAL_TIM_PWM_Init	8	static
../Drivers/STM32U5xx_HAL_Driver/Src/stm32u5xx_hal_tim.c:2002:19:HAL_TIM_IC_Init	8	static
../Drivers/STM32U5xx_HAL_Driver/Src/stm32u5xx_hal_tim.c:2651:19:HAL_TIM_OnePulse_Init	16	static
../Drivers/STM32U5xx_HAL_Driver/Src/stm32u5xx_hal_tim.c:3042:19:HAL_TIM_Encoder_Init	24	static
../Drivers/STM32U5xx_HAL_Driver/Src/stm32u5xx_hal_tim.c:7382:6:TIM_OC2_SetConfig	8	static
../Drivers/STM32U5xx_HAL_Driver/Src/stm32u5xx_hal_tim.c:4132:19:HAL_TIM_OC_ConfigChannel	8	static
../Drivers/STM32U5xx_HAL_Driver/Src/stm32u5xx_hal_tim.c:4332:19:HAL_TIM_PWM_ConfigChannel	16	static
../Drivers/STM32U5xx_HAL_Driver/Src/stm32u5xx_hal_tim.c:7862:6:TIM_TI1_SetConfig	12	static
../Drivers/STM32U5xx_HAL_Driver/Src/stm32u5xx_hal_tim.c:4231:19:HAL_TIM_IC_ConfigChannel	16	static
../Drivers/STM32U5xx_HAL_Driver/Src/stm32u5xx_hal_tim.c:4480:19:HAL_TIM_OnePulse_ConfigChannel	48	static
../Drivers/STM32U5xx_HAL_Driver/Src/stm32u5xx_hal_tim.c:8162:6:TIM_ETR_SetConfig	4	static
../Drivers/STM32U5xx_HAL_Driver/Src/stm32u5xx_hal_tim.c:5561:19:HAL_TIM_ConfigOCrefClear	16	static
../Drivers/STM32U5xx_HAL_Driver/Src/stm32u5xx_hal_tim.c:5736:19:HAL_TIM_ConfigClockSource	8	static
../Drivers/STM32U5xx_HAL_Driver/Src/stm32u5xx_hal_tim.c:7721:26:TIM_SlaveTimer_SetConfig	8	static
../Drivers/STM32U5xx_HAL_Driver/Src/stm32u5xx_hal_tim.c:5928:19:HAL_TIM_SlaveConfigSynchro	8	static
../Drivers/STM32U5xx_HAL_Driver/Src/stm32u5xx_hal_tim.c:5968:19:HAL_TIM_SlaveConfigSynchro_IT	8	static
../Drivers/STM32U5xx_HAL_Driver/Src/stm32u5xx_hal_tim.c:8194:6:TIM_CCxChannelCmd	0	static
../Drivers/STM32U5xx_HAL_Driver/Src/stm32u5xx_hal_tim.c:806:19:HAL_TIM_OC_Start	8	static
../Drivers/STM32U5xx_HAL_Driver/Src/stm32u5xx_hal_tim.c:862:19:HAL_TIM_OC_Stop	16	static
../Drivers/STM32U5xx_HAL_Driver/Src/stm32u5xx_hal_tim.c:897:19:HAL_TIM_OC_Start_IT	8	static
../Drivers/STM32U5xx_HAL_Driver/Src/stm32u5xx_hal_tim.c:990:19:HAL_TIM_OC_Stop_IT	16	static
../Drivers/STM32U5xx_HAL_Driver/Src/stm32u5xx_hal_tim.c:1067:19:HAL_TIM_OC_Start_DMA	16	static
../Drivers/STM32U5xx_HAL_Driver/Src/stm32u5xx_hal_tim.c:1231:19:HAL_TIM_OC_Stop_DMA	16	static
../Drivers/STM32U5xx_HAL_Driver/Src/stm32u5xx_hal_tim.c:1475:19:HAL_TIM_PWM_Start	8	static
../Drivers/STM32U5xx_HAL_Driver/Src/stm32u5xx_hal_tim.c:1531:19:HAL_TIM_PWM_Stop	16	static
../Drivers/STM32U5xx_HAL_Driver/Src/stm32u5xx_hal_tim.c:1566:19:HAL_TIM_PWM_Start_IT	8	static
../Drivers/STM32U5xx_HAL_Driver/Src/stm32u5xx_hal_tim.c:1659:19:HAL_TIM_PWM_Stop_IT	16	static
../Drivers/STM32U5xx_HAL_Driver/Src/stm32u5xx_hal_tim.c:1736:19:HAL_TIM_PWM_Start_DMA	16	static
../Drivers/STM32U5xx_HAL_Driver/Src/stm32u5xx_hal_tim.c:1899:19:HAL_TIM_PWM_Stop_DMA	16	static
../Drivers/STM32U5xx_HAL_Driver/Src/stm32u5xx_hal_tim.c:2141:19:HAL_TIM_IC_Start	8	static
../Drivers/STM32U5xx_HAL_Driver/Src/stm32u5xx_hal_tim.c:2193:19:HAL_TIM_IC_Stop	16	static
../Drivers/STM32U5xx_HAL_Driver/Src/stm32u5xx_hal_tim.c:2223:19:HAL_TIM_IC_Start_IT	8	static
../Drivers/STM32U5xx_HAL_Driver/Src/stm32u5xx_hal_tim.c:2315:19:HAL_TIM_IC_Stop_IT	16	static
../Drivers/STM32U5xx_HAL_Driver/Src/stm32u5xx_hal_tim.c:2387:19:HAL_TIM_IC_Start_DMA	24	static
../Drivers/STM32U5xx_HAL_Driver/Src/stm32u5xx_hal_tim.c:2546:19:HAL_TIM_IC_Stop_DMA	16	static
../Drivers/STM32U5xx_HAL_Driver/Src/stm32u5xx_hal_tim.c:2800:19:HAL_TIM_OnePulse_Start	8	static
../Drivers/STM32U5xx_HAL_Driver/Src/stm32u5xx_hal_tim.c:2857:19:HAL_TIM_OnePulse_Stop	8	static
../Drivers/STM32U5xx_HAL_Driver/Src/stm32u5xx_hal_tim.c:2900:19:HAL_TIM_OnePulse_Start_IT	8	static
../Drivers/STM32U5xx_HAL_Driver/Src/stm32u5xx_hal_tim.c:2963:19:HAL_TIM_OnePulse_Stop_IT	8	static
../Drivers/STM32U5xx_HAL_Driver/Src/stm32u5xx_hal_tim.c:3237:19:HAL_TIM_Encoder_Start	16	static
../Drivers/STM32U5xx_HAL_Driver/Src/stm32u5xx_hal_tim.c:3331:19:HAL_TIM_Encoder_Stop	16	static
../Drivers/STM32U5xx_HAL_Driver/Src/stm32u5xx_hal_tim.c:3391:19:HAL_TIM_Encoder_Start_IT	16	static
../Drivers/STM32U5xx_HAL_Driver/Src/stm32u5xx_hal_tim.c:3491:19:HAL_TIM_Encoder_Stop_IT	16	static
../Drivers/STM32U5xx_HAL_Driver/Src/stm32u5xx_hal_tim.c:3556:19:HAL_TIM_Encoder_Start_DMA	24	static
../Drivers/STM32U5xx_HAL_Driver/Src/stm32u5xx_hal_tim.c:3769:19:HAL_TIM_Encoder_Stop_DMA	16	static
