../Drivers/STM32U5xx_HAL_Driver/Src/stm32u5xx_hal_ospi.c:2981:13:OSPI_DMACplt	0	static
../Drivers/STM32U5xx_HAL_Driver/Src/stm32u5xx_hal_ospi.c:3149:26:OSPI_ConfigCmd	20	static
../Drivers/STM32U5xx_HAL_Driver/Src/stm32u5xx_hal_ospi.c:3331:26:OSPIM_GetConfig	4	static
../Drivers/STM32U5xx_HAL_Driver/Src/stm32u5xx_hal_ospi.c:453:13:HAL_OSPI_MspInit	0	static
../Drivers/STM32U5xx_HAL_Driver/Src/stm32u5xx_hal_ospi.c:511:13:HAL_OSPI_MspDeInit	0	static
../Drivers/STM32U5xx_HAL_Driver/Src/stm32u5xx_hal_ospi.c:468:19:HAL_OSPI_DeInit	8	static
../Drivers/STM32U5xx_HAL_Driver/Src/stm32u5xx_hal_ospi.c:1389:19:HAL_OSPI_Transmit_IT	0	static
../Drivers/STM32U5xx_HAL_Driver/Src/stm32u5xx_hal_ospi.c:1439:19:HAL_OSPI_Receive_IT	12	static
../Drivers/STM32U5xx_HAL_Driver/Src/stm32u5xx_hal_ospi.c:1512:19:HAL_OSPI_Transmit_DMA	16	static
../Drivers/STM32U5xx_HAL_Driver/Src/stm32u5xx_hal_ospi.c:1692:19:HAL_OSPI_Receive_DMA	24	static
../Drivers/STM32U5xx_HAL_Driver/Src/stm32u5xx_hal_ospi.c:2096:13:HAL_OSPI_ErrorCallback	0	static
../Drivers/STM32U5xx_HAL_Driver/Src/stm32u5xx_hal_ospi.c:2111:13:HAL_OSPI_AbortCpltCallback	0	static
../Drivers/STM32U5xx_HAL_Driver/Src/stm32u5xx_hal_ospi.c:3061:13:OSPI_DMAAbortCplt	8	static
../Drivers/STM32U5xx_HAL_Driver/Src/stm32u5xx_hal_ospi.c:2126:13:HAL_OSPI_FifoThresholdCallback	0	static
../Drivers/STM32U5xx_HAL_Driver/Src/stm32u5xx_hal_ospi.c:2141:13:HAL_OSPI_CmdCpltCallback	0	static
../Drivers/STM32U5xx_HAL_Driver/Src/stm32u5xx_hal_ospi.c:2156:13:HAL_OSPI_RxCpltCallback	0	static
../Drivers/STM32U5xx_HAL_Driver/Src/stm32u5xx_hal_ospi.c:2171:13:HAL_OSPI_TxCpltCallback	0	static
../Drivers/STM32U5xx_HAL_Driver/Src/stm32u5xx_hal_ospi.c:2186:13:HAL_OSPI_RxHalfCpltCallback	0	static
../Drivers/STM32U5xx_HAL_Driver/Src/stm32u5xx_hal_ospi.c:2201:13:HAL_OSPI_TxHalfCpltCallback	0	static
../Drivers/STM32U5xx_HAL_Driver/Src/stm32u5xx_hal_ospi.c:3001:13:OSPI_DMAHalfCplt	8	static
../Drivers/STM32U5xx_HAL_Driver/Src/stm32u5xx_hal_ospi.c:2216:13:HAL_OSPI_StatusMatchCallback	0	static
../Drivers/STM32U5xx_HAL_Driver/Src/stm32u5xx_hal_ospi.c:2231:13:HAL_OSPI_TimeOutCallback	0	static
../Drivers/STM32U5xx_HAL_Driver/Src/stm32u5xx_hal_ospi.c:551:6:HAL_OSPI_IRQHandler	8	static
../Drivers/STM32U5xx_HAL_Driver/Src/stm32u5xx_hal_ospi.c:2550:19:HAL_OSPI_Abort_IT	8	static
../Drivers/STM32U5xx_HAL_Driver/Src/stm32u5xx_hal_ospi.c:3029:13:OSPI_DMAError	8	static
../Drivers/STM32U5xx_HAL_Driver/Src/stm32u5xx_hal_ospi.c:2628:19:HAL_OSPI_SetFifoThreshold	0	static
../Drivers/STM32U5xx_HAL_Driver/Src/stm32u5xx_hal_ospi.c:2656:10:HAL_OSPI_GetFifoThreshold	0	static
../Drivers/STM32U5xx_HAL_Driver/Src/stm32u5xx_hal_ospi.c:2666:19:HAL_OSPI_SetTimeout	0	static
../Drivers/STM32U5xx_HAL_Driver/Src/stm32u5xx_hal_ospi.c:2677:10:HAL_OSPI_GetError	0	static
../Drivers/STM32U5xx_HAL_Driver/Src/stm32u5xx_hal_ospi.c:2687:10:HAL_OSPI_GetState	0	static
../Drivers/STM32U5xx_HAL_Driver/Src/stm32u5xx_hal_ospi.c:2720:19:HAL_OSPIM_Config	80	static
../Drivers/STM32U5xx_HAL_Driver/Src/stm32u5xx_hal_ospi.c:3118:30:OSPI_WaitFlagStateUntilTimeout	32	static
../Drivers/STM32U5xx_HAL_Driver/Src/stm32u5xx_hal_ospi.c:321:19:HAL_OSPI_Init	24	static
../Drivers/STM32U5xx_HAL_Driver/Src/stm32u5xx_hal_ospi.c:782:19:HAL_OSPI_Command	32	static
../Drivers/STM32U5xx_HAL_Driver/Src/stm32u5xx_hal_ospi.c:914:19:HAL_OSPI_Command_IT	24	static
../Drivers/STM32U5xx_HAL_Driver/Src/stm32u5xx_hal_ospi.c:1004:19:HAL_OSPI_HyperbusCfg	32	static
../Drivers/STM32U5xx_HAL_Driver/Src/stm32u5xx_hal_ospi.c:1051:19:HAL_OSPI_HyperbusCmd	24	static
../Drivers/STM32U5xx_HAL_Driver/Src/stm32u5xx_hal_ospi.c:1113:19:HAL_OSPI_Transmit	32	static
../Drivers/STM32U5xx_HAL_Driver/Src/stm32u5xx_hal_ospi.c:1179:19:HAL_OSPI_SPITransaction	32	static
../Drivers/STM32U5xx_HAL_Driver/Src/stm32u5xx_hal_ospi.c:1297:19:HAL_OSPI_Receive	32	static
../Drivers/STM32U5xx_HAL_Driver/Src/stm32u5xx_hal_ospi.c:1890:19:HAL_OSPI_AutoPolling	40	static
../Drivers/STM32U5xx_HAL_Driver/Src/stm32u5xx_hal_ospi.c:1968:19:HAL_OSPI_AutoPolling_IT	32	static
../Drivers/STM32U5xx_HAL_Driver/Src/stm32u5xx_hal_ospi.c:2043:19:HAL_OSPI_MemoryMapped	24	static
../Drivers/STM32U5xx_HAL_Driver/Src/stm32u5xx_hal_ospi.c:2482:19:HAL_OSPI_Abort	24	static
../Drivers/STM32U5xx_HAL_Driver/Src/stm32u5xx_hal_ospi.c:3463:19:HAL_OSPI_DLYB_SetConfig	16	static
../Drivers/STM32U5xx_HAL_Driver/Src/stm32u5xx_hal_ospi.c:3516:19:HAL_OSPI_DLYB_GetConfig	8	static
../Drivers/STM32U5xx_HAL_Driver/Src/stm32u5xx_hal_ospi.c:3547:19:HAL_OSPI_DLYB_GetClockPeriod	16	static
