../Drivers/STM32U5xx_HAL_Driver/Src/stm32u5xx_hal_pcd.c:2332:26:PCD_WriteEmptyTxFifo	40	static
../Drivers/STM32U5xx_HAL_Driver/Src/stm32u5xx_hal_pcd.c:302:13:HAL_PCD_MspInit	0	static
../Drivers/STM32U5xx_HAL_Driver/Src/stm32u5xx_hal_pcd.c:134:19:HAL_PCD_Init	56	static
../Drivers/STM32U5xx_HAL_Driver/Src/stm32u5xx_hal_pcd.c:317:13:HAL_PCD_MspDeInit	0	static
../Drivers/STM32U5xx_HAL_Driver/Src/stm32u5xx_hal_pcd.c:263:19:HAL_PCD_DeInit	16	static
../Drivers/STM32U5xx_HAL_Driver/Src/stm32u5xx_hal_pcd.c:1020:19:HAL_PCD_Start	8	static
../Drivers/STM32U5xx_HAL_Driver/Src/stm32u5xx_hal_pcd.c:1046:19:HAL_PCD_Stop	8	static
../Drivers/STM32U5xx_HAL_Driver/Src/stm32u5xx_hal_pcd.c:1687:13:HAL_PCD_DataOutStageCallback	0	static
../Drivers/STM32U5xx_HAL_Driver/Src/stm32u5xx_hal_pcd.c:2392:26:PCD_EP_OutXfrComplete_int	16	static
../Drivers/STM32U5xx_HAL_Driver/Src/stm32u5xx_hal_pcd.c:1704:13:HAL_PCD_DataInStageCallback	0	static
../Drivers/STM32U5xx_HAL_Driver/Src/stm32u5xx_hal_pcd.c:1719:13:HAL_PCD_SetupStageCallback	0	static
../Drivers/STM32U5xx_HAL_Driver/Src/stm32u5xx_hal_pcd.c:2504:26:PCD_EP_OutSetupPacket_int	16	static
../Drivers/STM32U5xx_HAL_Driver/Src/stm32u5xx_hal_pcd.c:1734:13:HAL_PCD_SOFCallback	0	static
../Drivers/STM32U5xx_HAL_Driver/Src/stm32u5xx_hal_pcd.c:1749:13:HAL_PCD_ResetCallback	0	static
../Drivers/STM32U5xx_HAL_Driver/Src/stm32u5xx_hal_pcd.c:1764:13:HAL_PCD_SuspendCallback	0	static
../Drivers/STM32U5xx_HAL_Driver/Src/stm32u5xx_hal_pcd.c:1779:13:HAL_PCD_ResumeCallback	0	static
../Drivers/STM32U5xx_HAL_Driver/Src/stm32u5xx_hal_pcd.c:1795:13:HAL_PCD_ISOOUTIncompleteCallback	0	static
../Drivers/STM32U5xx_HAL_Driver/Src/stm32u5xx_hal_pcd.c:1812:13:HAL_PCD_ISOINIncompleteCallback	0	static
../Drivers/STM32U5xx_HAL_Driver/Src/stm32u5xx_hal_pcd.c:1828:13:HAL_PCD_ConnectCallback	0	static
../Drivers/STM32U5xx_HAL_Driver/Src/stm32u5xx_hal_pcd.c:1843:13:HAL_PCD_DisconnectCallback	0	static
../Drivers/STM32U5xx_HAL_Driver/Src/stm32u5xx_hal_pcd.c:1877:19:HAL_PCD_DevConnect	8	static
../Drivers/STM32U5xx_HAL_Driver/Src/stm32u5xx_hal_pcd.c:1904:19:HAL_PCD_DevDisconnect	8	static
../Drivers/STM32U5xx_HAL_Driver/Src/stm32u5xx_hal_pcd.c:1932:19:HAL_PCD_SetAddress	8	static
../Drivers/STM32U5xx_HAL_Driver/Src/stm32u5xx_hal_pcd.c:1949:19:HAL_PCD_EP_Open	16	static
../Drivers/STM32U5xx_HAL_Driver/Src/stm32u5xx_hal_pcd.c:1997:19:HAL_PCD_EP_Close	8	static
../Drivers/STM32U5xx_HAL_Driver/Src/stm32u5xx_hal_pcd.c:2028:19:HAL_PCD_EP_Receive	8	static
../Drivers/STM32U5xx_HAL_Driver/Src/stm32u5xx_hal_pcd.c:2061:10:HAL_PCD_EP_GetRxCount	0	static
../Drivers/STM32U5xx_HAL_Driver/Src/stm32u5xx_hal_pcd.c:2073:19:HAL_PCD_EP_Transmit	8	static
../Drivers/STM32U5xx_HAL_Driver/Src/stm32u5xx_hal_pcd.c:2110:19:HAL_PCD_EP_SetStall	16	static
../Drivers/STM32U5xx_HAL_Driver/Src/stm32u5xx_hal_pcd.c:2155:19:HAL_PCD_EP_ClrStall	8	static
../Drivers/STM32U5xx_HAL_Driver/Src/stm32u5xx_hal_pcd.c:2191:19:HAL_PCD_EP_Abort	8	static
../Drivers/STM32U5xx_HAL_Driver/Src/stm32u5xx_hal_pcd.c:1080:6:HAL_PCD_IRQHandler	48	static
../Drivers/STM32U5xx_HAL_Driver/Src/stm32u5xx_hal_pcd.c:2217:19:HAL_PCD_EP_Flush	8	static
../Drivers/STM32U5xx_HAL_Driver/Src/stm32u5xx_hal_pcd.c:2240:19:HAL_PCD_ActivateRemoteWakeup	8	static
../Drivers/STM32U5xx_HAL_Driver/Src/stm32u5xx_hal_pcd.c:2250:19:HAL_PCD_DeActivateRemoteWakeup	8	static
../Drivers/STM32U5xx_HAL_Driver/Src/stm32u5xx_hal_pcd.c:2279:18:HAL_PCD_GetState	0	static
../Drivers/STM32U5xx_HAL_Driver/Src/stm32u5xx_hal_pcd.c:2291:19:HAL_PCD_SetTestMode	0	static
