../Drivers/STM32U5xx_HAL_Driver/Inc/stm32u5xx_ll_dma.h:2000:22:LL_DMA_ConfigBurstLength	4	static
../Drivers/STM32U5xx_HAL_Driver/Src/stm32u5xx_ll_dma.c:279:10:LL_DMA_DeInit	4	static
../Drivers/STM32U5xx_HAL_Driver/Src/stm32u5xx_ll_dma.c:398:10:LL_DMA_Init	24	static
../Drivers/STM32U5xx_HAL_Driver/Src/stm32u5xx_ll_dma.c:619:6:LL_DMA_StructInit	0	static
../Drivers/STM32U5xx_HAL_Driver/Src/stm32u5xx_ll_dma.c:666:6:LL_DMA_ListStructInit	0	static
../Drivers/STM32U5xx_HAL_Driver/Src/stm32u5xx_ll_dma.c:704:10:LL_DMA_List_DeInit	8	static
../Drivers/STM32U5xx_HAL_Driver/Src/stm32u5xx_ll_dma.c:741:10:LL_DMA_List_Init	4	static
../Drivers/STM32U5xx_HAL_Driver/Src/stm32u5xx_ll_dma.c:782:6:LL_DMA_NodeStructInit	0	static
../Drivers/STM32U5xx_HAL_Driver/Src/stm32u5xx_ll_dma.c:839:10:LL_DMA_CreateLinkNode	12	static
../Drivers/STM32U5xx_HAL_Driver/Src/stm32u5xx_ll_dma.c:1149:6:LL_DMA_ConnectLinkNode	0	static
../Drivers/STM32U5xx_HAL_Driver/Src/stm32u5xx_ll_dma.c:1164:6:LL_DMA_DisconnectNextLinkNode	0	static
