../Drivers/STM32U5xx_HAL_Driver/Inc/stm32u5xx_ll_adc.h:3232:22:LL_ADC_SetCalibrationOffsetFactor	0	static
../Drivers/STM32U5xx_HAL_Driver/Inc/stm32u5xx_ll_adc.h:3269:26:LL_ADC_GetCalibrationOffsetFactor	0	static
../Drivers/STM32U5xx_HAL_Driver/Inc/stm32u5xx_ll_adc.h:8014:22:LL_ADC_StartCalibration	0	static
../Drivers/STM32U5xx_HAL_Driver/Inc/stm32u5xx_ll_adc.h:6408:22:LL_ADC_SetChannelSamplingTime	4	static,ignoring_inline_asm
../Drivers/STM32U5xx_HAL_Driver/Src/stm32u5xx_hal_adc_ex.c:133:19:HAL_ADCEx_Calibration_Start	24	static,ignoring_inline_asm
../Drivers/STM32U5xx_HAL_Driver/Src/stm32u5xx_hal_adc_ex.c:291:10:HAL_ADCEx_Calibration_GetValue	16	static
../Drivers/STM32U5xx_HAL_Driver/Src/stm32u5xx_hal_adc_ex.c:325:19:HAL_ADCEx_LinearCalibration_GetValue	16	static
../Drivers/STM32U5xx_HAL_Driver/Src/stm32u5xx_hal_adc_ex.c:374:19:HAL_ADCEx_Calibration_SetValue	16	static
../Drivers/STM32U5xx_HAL_Driver/Src/stm32u5xx_hal_adc_ex.c:430:19:HAL_ADCEx_LinearCalibration_SetValue	16	static
../Drivers/STM32U5xx_HAL_Driver/Src/stm32u5xx_hal_adc_ex.c:491:19:HAL_ADCEx_InjectedStart	16	static
../Drivers/STM32U5xx_HAL_Driver/Src/stm32u5xx_hal_adc_ex.c:614:19:HAL_ADCEx_InjectedStop	8	static
../Drivers/STM32U5xx_HAL_Driver/Src/stm32u5xx_hal_adc_ex.c:664:19:HAL_ADCEx_InjectedPollForConversion	24	static
../Drivers/STM32U5xx_HAL_Driver/Src/stm32u5xx_hal_adc_ex.c:800:19:HAL_ADCEx_InjectedStart_IT	16	static
../Drivers/STM32U5xx_HAL_Driver/Src/stm32u5xx_hal_adc_ex.c:942:19:HAL_ADCEx_InjectedStop_IT	8	static
../Drivers/STM32U5xx_HAL_Driver/Src/stm32u5xx_hal_adc_ex.c:1004:19:HAL_ADCEx_MultiModeStart_DMA	272	static
../Drivers/STM32U5xx_HAL_Driver/Src/stm32u5xx_hal_adc_ex.c:1179:19:HAL_ADCEx_MultiModeStop_DMA	160	static
../Drivers/STM32U5xx_HAL_Driver/Src/stm32u5xx_hal_adc_ex.c:1297:10:HAL_ADCEx_MultiModeGetValue	0	static
../Drivers/STM32U5xx_HAL_Driver/Src/stm32u5xx_hal_adc_ex.c:1332:19:HAL_ADCEx_MultiModeStart_DMA_Data32	160	static
../Drivers/STM32U5xx_HAL_Driver/Src/stm32u5xx_hal_adc_ex.c:1467:10:HAL_ADCEx_MultiModeGetValue_Data32	0	static
../Drivers/STM32U5xx_HAL_Driver/Src/stm32u5xx_hal_adc_ex.c:1514:10:HAL_ADCEx_InjectedGetValue	0	static
../Drivers/STM32U5xx_HAL_Driver/Src/stm32u5xx_hal_adc_ex.c:1548:13:HAL_ADCEx_InjectedConvCpltCallback	0	static
../Drivers/STM32U5xx_HAL_Driver/Src/stm32u5xx_hal_adc_ex.c:1567:13:HAL_ADCEx_InjectedQueueOverflowCallback	0	static
../Drivers/STM32U5xx_HAL_Driver/Src/stm32u5xx_hal_adc_ex.c:1582:13:HAL_ADCEx_LevelOutOfWindow2Callback	0	static
../Drivers/STM32U5xx_HAL_Driver/Src/stm32u5xx_hal_adc_ex.c:1597:13:HAL_ADCEx_LevelOutOfWindow3Callback	0	static
../Drivers/STM32U5xx_HAL_Driver/Src/stm32u5xx_hal_adc_ex.c:1613:13:HAL_ADCEx_EndOfSamplingCallback	0	static
../Drivers/STM32U5xx_HAL_Driver/Src/stm32u5xx_hal_adc_ex.c:1631:19:HAL_ADCEx_RegularStop	8	static
../Drivers/STM32U5xx_HAL_Driver/Src/stm32u5xx_hal_adc_ex.c:1684:19:HAL_ADCEx_RegularStop_IT	8	static
../Drivers/STM32U5xx_HAL_Driver/Src/stm32u5xx_hal_adc_ex.c:1739:19:HAL_ADCEx_RegularStop_DMA	16	static
../Drivers/STM32U5xx_HAL_Driver/Src/stm32u5xx_hal_adc_ex.c:1822:19:HAL_ADCEx_RegularMultiModeStop_DMA	160	static
../Drivers/STM32U5xx_HAL_Driver/Src/stm32u5xx_hal_adc_ex.c:1991:19:HAL_ADCEx_InjectedConfigChannel	32	static,ignoring_inline_asm
../Drivers/STM32U5xx_HAL_Driver/Src/stm32u5xx_hal_adc_ex.c:2463:19:HAL_ADCEx_MultiModeConfigChannel	152	static
../Drivers/STM32U5xx_HAL_Driver/Src/stm32u5xx_hal_adc_ex.c:2569:19:HAL_ADCEx_DisableVoltageRegulator	0	static
../Drivers/STM32U5xx_HAL_Driver/Src/stm32u5xx_hal_adc_ex.c:2606:19:HAL_ADCEx_EnterADCDeepPowerDownMode	0	static
