../Drivers/STM32U5xx_HAL_Driver/Src/stm32u5xx_ll_usb.c:1402:26:USB_CoreReset	8	static
../Drivers/STM32U5xx_HAL_Driver/Src/stm32u5xx_ll_usb.c:83:19:USB_CoreInit	8	static
../Drivers/STM32U5xx_HAL_Driver/Src/stm32u5xx_ll_usb.c:134:19:USB_SetTurnaroundTime	0	static
../Drivers/STM32U5xx_HAL_Driver/Src/stm32u5xx_ll_usb.c:217:19:USB_EnableGlobalInt	0	static
../Drivers/STM32U5xx_HAL_Driver/Src/stm32u5xx_ll_usb.c:229:19:USB_DisableGlobalInt	0	static
../Drivers/STM32U5xx_HAL_Driver/Src/stm32u5xx_ll_usb.c:469:19:USB_FlushTxFifo	8	static
../Drivers/STM32U5xx_HAL_Driver/Src/stm32u5xx_ll_usb.c:506:19:USB_FlushRxFifo	8	static
../Drivers/STM32U5xx_HAL_Driver/Src/stm32u5xx_ll_usb.c:549:19:USB_SetDevSpeed	0	static
../Drivers/STM32U5xx_HAL_Driver/Src/stm32u5xx_ll_usb.c:291:19:USB_DevInit	24	static
../Drivers/STM32U5xx_HAL_Driver/Src/stm32u5xx_ll_usb.c:565:9:USB_GetDevSpeed	0	static
../Drivers/STM32U5xx_HAL_Driver/Src/stm32u5xx_ll_usb.c:594:19:USB_ActivateEndpoint	8	static
../Drivers/STM32U5xx_HAL_Driver/Src/stm32u5xx_ll_usb.c:632:19:USB_ActivateDedicatedEndpoint	8	static
../Drivers/STM32U5xx_HAL_Driver/Src/stm32u5xx_ll_usb.c:671:19:USB_DeactivateEndpoint	8	static
../Drivers/STM32U5xx_HAL_Driver/Src/stm32u5xx_ll_usb.c:718:19:USB_DeactivateDedicatedEndpoint	0	static
../Drivers/STM32U5xx_HAL_Driver/Src/stm32u5xx_ll_usb.c:932:19:USB_EPStopXfer	16	static
../Drivers/STM32U5xx_HAL_Driver/Src/stm32u5xx_ll_usb.c:996:19:USB_WritePacket	8	static
../Drivers/STM32U5xx_HAL_Driver/Src/stm32u5xx_ll_usb.c:760:19:USB_EPStartXfer	32	static
../Drivers/STM32U5xx_HAL_Driver/Src/stm32u5xx_ll_usb.c:1027:7:USB_ReadPacket	8	static
../Drivers/STM32U5xx_HAL_Driver/Src/stm32u5xx_ll_usb.c:1069:19:USB_EPSetStall	0	static
../Drivers/STM32U5xx_HAL_Driver/Src/stm32u5xx_ll_usb.c:1100:19:USB_EPClearStall	0	static
../Drivers/STM32U5xx_HAL_Driver/Src/stm32u5xx_ll_usb.c:1129:19:USB_StopDevice	8	static
../Drivers/STM32U5xx_HAL_Driver/Src/stm32u5xx_ll_usb.c:1170:19:USB_SetDevAddress	0	static
../Drivers/STM32U5xx_HAL_Driver/Src/stm32u5xx_ll_usb.c:1185:19:USB_DevConnect	0	static
../Drivers/STM32U5xx_HAL_Driver/Src/stm32u5xx_ll_usb.c:1202:19:USB_DevDisconnect	0	static
../Drivers/STM32U5xx_HAL_Driver/Src/stm32u5xx_ll_usb.c:1219:10:USB_ReadInterrupts	0	static
../Drivers/STM32U5xx_HAL_Driver/Src/stm32u5xx_ll_usb.c:1235:10:USB_ReadChInterrupts	0	static
../Drivers/STM32U5xx_HAL_Driver/Src/stm32u5xx_ll_usb.c:1251:10:USB_ReadDevAllOutEpInterrupt	0	static
../Drivers/STM32U5xx_HAL_Driver/Src/stm32u5xx_ll_usb.c:1267:10:USB_ReadDevAllInEpInterrupt	0	static
../Drivers/STM32U5xx_HAL_Driver/Src/stm32u5xx_ll_usb.c:1285:10:USB_ReadDevOutEPInterrupt	0	static
../Drivers/STM32U5xx_HAL_Driver/Src/stm32u5xx_ll_usb.c:1303:10:USB_ReadDevInEPInterrupt	0	static
../Drivers/STM32U5xx_HAL_Driver/Src/stm32u5xx_ll_usb.c:1324:7:USB_ClearInterrupts	0	static
../Drivers/STM32U5xx_HAL_Driver/Src/stm32u5xx_ll_usb.c:1337:10:USB_GetMode	0	static
../Drivers/STM32U5xx_HAL_Driver/Src/stm32u5xx_ll_usb.c:244:19:USB_SetCurrentMode	16	static
../Drivers/STM32U5xx_HAL_Driver/Src/stm32u5xx_ll_usb.c:1347:19:USB_ActivateSetup	0	static
../Drivers/STM32U5xx_HAL_Driver/Src/stm32u5xx_ll_usb.c:1369:19:USB_EP0_OutStart	4	static
../Drivers/STM32U5xx_HAL_Driver/Src/stm32u5xx_ll_usb.c:1442:19:USB_HostInit	16	static
../Drivers/STM32U5xx_HAL_Driver/Src/stm32u5xx_ll_usb.c:1558:19:USB_InitFSLSPClkSel	0	static
../Drivers/STM32U5xx_HAL_Driver/Src/stm32u5xx_ll_usb.c:1588:19:USB_ResetPort	24	static
../Drivers/STM32U5xx_HAL_Driver/Src/stm32u5xx_ll_usb.c:1615:19:USB_DriveVbus	8	static
../Drivers/STM32U5xx_HAL_Driver/Src/stm32u5xx_ll_usb.c:1645:10:USB_GetHostSpeed	8	static
../Drivers/STM32U5xx_HAL_Driver/Src/stm32u5xx_ll_usb.c:1659:10:USB_GetCurrentFrame	0	static
../Drivers/STM32U5xx_HAL_Driver/Src/stm32u5xx_ll_usb.c:1690:19:USB_HC_Init	32	static
../Drivers/STM32U5xx_HAL_Driver/Src/stm32u5xx_ll_usb.c:2081:10:USB_HC_ReadInterrupt	0	static
../Drivers/STM32U5xx_HAL_Driver/Src/stm32u5xx_ll_usb.c:2095:19:USB_HC_Halt	24	static
../Drivers/STM32U5xx_HAL_Driver/Src/stm32u5xx_ll_usb.c:2179:19:USB_DoPing	0	static
../Drivers/STM32U5xx_HAL_Driver/Src/stm32u5xx_ll_usb.c:1820:19:USB_HC_StartXfer	32	static
../Drivers/STM32U5xx_HAL_Driver/Src/stm32u5xx_ll_usb.c:2203:19:USB_StopHost	24	static
../Drivers/STM32U5xx_HAL_Driver/Src/stm32u5xx_ll_usb.c:2268:19:USB_ActivateRemoteWakeup	0	static
../Drivers/STM32U5xx_HAL_Driver/Src/stm32u5xx_ll_usb.c:2286:19:USB_DeActivateRemoteWakeup	0	static
