../Drivers/STM32U5xx_HAL_Driver/Src/stm32u5xx_hal_rcc_ex.c:4241:26:RCCEx_PLL3_Config	16	static
../Drivers/STM32U5xx_HAL_Driver/Src/stm32u5xx_hal_rcc_ex.c:4167:26:RCCEx_PLL2_Config	16	static
../Drivers/STM32U5xx_HAL_Driver/Src/stm32u5xx_hal_rcc_ex.c:4078:26:RCCEx_PLLSource_Enable	8	static
../Drivers/STM32U5xx_HAL_Driver/Src/stm32u5xx_hal_rcc_ex.c:430:19:HAL_RCCEx_PeriphCLKConfig	32	static
../Drivers/STM32U5xx_HAL_Driver/Src/stm32u5xx_hal_rcc_ex.c:1277:6:HAL_RCCEx_GetPeriphCLKConfig	0	static
../Drivers/STM32U5xx_HAL_Driver/Src/stm32u5xx_hal_rcc_ex.c:1499:6:HAL_RCCEx_GetPLL1ClockFreq	8	static
../Drivers/STM32U5xx_HAL_Driver/Src/stm32u5xx_hal_rcc_ex.c:1586:6:HAL_RCCEx_GetPLL2ClockFreq	8	static
../Drivers/STM32U5xx_HAL_Driver/Src/stm32u5xx_hal_rcc_ex.c:1673:6:HAL_RCCEx_GetPLL3ClockFreq	8	static
../Drivers/STM32U5xx_HAL_Driver/Src/stm32u5xx_hal_rcc_ex.c:1795:10:HAL_RCCEx_GetPeriphCLKFreq	48	static
../Drivers/STM32U5xx_HAL_Driver/Src/stm32u5xx_hal_rcc_ex.c:3094:19:HAL_RCCEx_EnablePLL2	16	static
../Drivers/STM32U5xx_HAL_Driver/Src/stm32u5xx_hal_rcc_ex.c:3176:19:HAL_RCCEx_DisablePLL2	8	static
../Drivers/STM32U5xx_HAL_Driver/Src/stm32u5xx_hal_rcc_ex.c:3210:19:HAL_RCCEx_EnablePLL3	16	static
../Drivers/STM32U5xx_HAL_Driver/Src/stm32u5xx_hal_rcc_ex.c:3290:19:HAL_RCCEx_DisablePLL3	8	static
../Drivers/STM32U5xx_HAL_Driver/Src/stm32u5xx_hal_rcc_ex.c:3329:19:HAL_RCCEx_EnableMSIPLLModeSelection	0	static
../Drivers/STM32U5xx_HAL_Driver/Src/stm32u5xx_hal_rcc_ex.c:3358:19:HAL_RCCEx_EnableMSIPLLFastStartup	0	static
../Drivers/STM32U5xx_HAL_Driver/Src/stm32u5xx_hal_rcc_ex.c:3377:19:HAL_RCCEx_DisableMSIPLLFastStartup	0	static
../Drivers/STM32U5xx_HAL_Driver/Src/stm32u5xx_hal_rcc_ex.c:3400:6:HAL_RCCEx_WakeUpStopCLKConfig	0	static
../Drivers/STM32U5xx_HAL_Driver/Src/stm32u5xx_hal_rcc_ex.c:3415:6:HAL_RCCEx_KerWakeUpStopCLKConfig	0	static
../Drivers/STM32U5xx_HAL_Driver/Src/stm32u5xx_hal_rcc_ex.c:3434:6:HAL_RCCEx_StandbyMSIRangeConfig	0	static
../Drivers/STM32U5xx_HAL_Driver/Src/stm32u5xx_hal_rcc_ex.c:3453:6:HAL_RCCEx_StandbyMSIKRangeConfig	0	static
../Drivers/STM32U5xx_HAL_Driver/Src/stm32u5xx_hal_rcc_ex.c:3467:6:HAL_RCCEx_EnableLSECSS	0	static
../Drivers/STM32U5xx_HAL_Driver/Src/stm32u5xx_hal_rcc_ex.c:3477:6:HAL_RCCEx_DisableLSECSS	0	static
../Drivers/STM32U5xx_HAL_Driver/Src/stm32u5xx_hal_rcc_ex.c:3488:6:HAL_RCCEx_EnableLSECSS_IT	0	static
../Drivers/STM32U5xx_HAL_Driver/Src/stm32u5xx_hal_rcc_ex.c:3541:13:HAL_RCCEx_LSECSS_Callback	0	static
../Drivers/STM32U5xx_HAL_Driver/Src/stm32u5xx_hal_rcc_ex.c:3504:6:HAL_RCCEx_LSECSS_IRQHandler	8	static
../Drivers/STM32U5xx_HAL_Driver/Src/stm32u5xx_hal_rcc_ex.c:3554:6:HAL_RCCEx_EnableMSIPLLUNLCK_IT	0	static
../Drivers/STM32U5xx_HAL_Driver/Src/stm32u5xx_hal_rcc_ex.c:3596:13:HAL_RCCEx_MSIPLLUNLCK_Callback	0	static
../Drivers/STM32U5xx_HAL_Driver/Src/stm32u5xx_hal_rcc_ex.c:3567:6:HAL_RCCEx_MSIPLLUNLCK_IRQHandler	8	static
../Drivers/STM32U5xx_HAL_Driver/Src/stm32u5xx_hal_rcc_ex.c:3611:6:HAL_RCCEx_EnableLSCO	24	static
../Drivers/STM32U5xx_HAL_Driver/Src/stm32u5xx_hal_rcc_ex.c:3647:6:HAL_RCCEx_DisableLSCO	16	static
../Drivers/STM32U5xx_HAL_Driver/Src/stm32u5xx_hal_rcc_ex.c:3685:6:HAL_RCCEx_EnableMSIPLLMode	0	static
../Drivers/STM32U5xx_HAL_Driver/Src/stm32u5xx_hal_rcc_ex.c:3695:6:HAL_RCCEx_DisableMSIPLLMode	0	static
../Drivers/STM32U5xx_HAL_Driver/Src/stm32u5xx_hal_rcc_ex.c:3774:6:HAL_RCCEx_CRSConfig	0	static
../Drivers/STM32U5xx_HAL_Driver/Src/stm32u5xx_hal_rcc_ex.c:3816:6:HAL_RCCEx_CRSSoftwareSynchronizationGenerate	0	static
../Drivers/STM32U5xx_HAL_Driver/Src/stm32u5xx_hal_rcc_ex.c:3826:6:HAL_RCCEx_CRSGetSynchronizationInfo	0	static
../Drivers/STM32U5xx_HAL_Driver/Src/stm32u5xx_hal_rcc_ex.c:3859:10:HAL_RCCEx_CRSWaitSynchronization	16	static
../Drivers/STM32U5xx_HAL_Driver/Src/stm32u5xx_hal_rcc_ex.c:4007:13:HAL_RCCEx_CRS_SyncOkCallback	0	static
../Drivers/STM32U5xx_HAL_Driver/Src/stm32u5xx_hal_rcc_ex.c:4018:13:HAL_RCCEx_CRS_SyncWarnCallback	0	static
../Drivers/STM32U5xx_HAL_Driver/Src/stm32u5xx_hal_rcc_ex.c:4029:13:HAL_RCCEx_CRS_ExpectedSyncCallback	0	static
../Drivers/STM32U5xx_HAL_Driver/Src/stm32u5xx_hal_rcc_ex.c:4045:13:HAL_RCCEx_CRS_ErrorCallback	0	static
../Drivers/STM32U5xx_HAL_Driver/Src/stm32u5xx_hal_rcc_ex.c:3942:6:HAL_RCCEx_CRS_IRQHandler	8	static
