../Drivers/STM32U5xx_HAL_Driver/Src/stm32u5xx_hal_tim_ex.c:3489:13:TIM_CCxNChannelCmd	0	static
../Drivers/STM32U5xx_HAL_Driver/Src/stm32u5xx_hal_tim_ex.c:3443:13:TIM_DMAErrorCCxN	8	static
../Drivers/STM32U5xx_HAL_Driver/Src/stm32u5xx_hal_tim_ex.c:3404:13:TIM_DMADelayPulseNCplt	8	static
../Drivers/STM32U5xx_HAL_Driver/Src/stm32u5xx_hal_tim_ex.c:304:13:HAL_TIMEx_HallSensor_MspInit	0	static
../Drivers/STM32U5xx_HAL_Driver/Src/stm32u5xx_hal_tim_ex.c:157:19:HAL_TIMEx_HallSensor_Init	48	static
../Drivers/STM32U5xx_HAL_Driver/Src/stm32u5xx_hal_tim_ex.c:319:13:HAL_TIMEx_HallSensor_MspDeInit	0	static
../Drivers/STM32U5xx_HAL_Driver/Src/stm32u5xx_hal_tim_ex.c:259:19:HAL_TIMEx_HallSensor_DeInit	8	static
../Drivers/STM32U5xx_HAL_Driver/Src/stm32u5xx_hal_tim_ex.c:334:19:HAL_TIMEx_HallSensor_Start	8	static
../Drivers/STM32U5xx_HAL_Driver/Src/stm32u5xx_hal_tim_ex.c:388:19:HAL_TIMEx_HallSensor_Stop	8	static
../Drivers/STM32U5xx_HAL_Driver/Src/stm32u5xx_hal_tim_ex.c:416:19:HAL_TIMEx_HallSensor_Start_IT	8	static
../Drivers/STM32U5xx_HAL_Driver/Src/stm32u5xx_hal_tim_ex.c:473:19:HAL_TIMEx_HallSensor_Stop_IT	8	static
../Drivers/STM32U5xx_HAL_Driver/Src/stm32u5xx_hal_tim_ex.c:506:19:HAL_TIMEx_HallSensor_Start_DMA	24	static
../Drivers/STM32U5xx_HAL_Driver/Src/stm32u5xx_hal_tim_ex.c:582:19:HAL_TIMEx_HallSensor_Stop_DMA	8	static
../Drivers/STM32U5xx_HAL_Driver/Src/stm32u5xx_hal_tim_ex.c:645:19:HAL_TIMEx_OCN_Start	8	static
../Drivers/STM32U5xx_HAL_Driver/Src/stm32u5xx_hal_tim_ex.c:697:19:HAL_TIMEx_OCN_Stop	16	static
../Drivers/STM32U5xx_HAL_Driver/Src/stm32u5xx_hal_tim_ex.c:730:19:HAL_TIMEx_OCN_Start_IT	8	static
../Drivers/STM32U5xx_HAL_Driver/Src/stm32u5xx_hal_tim_ex.c:825:19:HAL_TIMEx_OCN_Stop_IT	16	static
../Drivers/STM32U5xx_HAL_Driver/Src/stm32u5xx_hal_tim_ex.c:908:19:HAL_TIMEx_OCN_Start_DMA	16	static
../Drivers/STM32U5xx_HAL_Driver/Src/stm32u5xx_hal_tim_ex.c:1068:19:HAL_TIMEx_OCN_Stop_DMA	16	static
../Drivers/STM32U5xx_HAL_Driver/Src/stm32u5xx_hal_tim_ex.c:1178:19:HAL_TIMEx_PWMN_Start	8	static
../Drivers/STM32U5xx_HAL_Driver/Src/stm32u5xx_hal_tim_ex.c:1229:19:HAL_TIMEx_PWMN_Stop	16	static
../Drivers/STM32U5xx_HAL_Driver/Src/stm32u5xx_hal_tim_ex.c:1262:19:HAL_TIMEx_PWMN_Start_IT	8	static
../Drivers/STM32U5xx_HAL_Driver/Src/stm32u5xx_hal_tim_ex.c:1356:19:HAL_TIMEx_PWMN_Stop_IT	16	static
../Drivers/STM32U5xx_HAL_Driver/Src/stm32u5xx_hal_tim_ex.c:1439:19:HAL_TIMEx_PWMN_Start_DMA	16	static
../Drivers/STM32U5xx_HAL_Driver/Src/stm32u5xx_hal_tim_ex.c:1599:19:HAL_TIMEx_PWMN_Stop_DMA	16	static
../Drivers/STM32U5xx_HAL_Driver/Src/stm32u5xx_hal_tim_ex.c:1698:19:HAL_TIMEx_OnePulseN_Start	16	static
../Drivers/STM32U5xx_HAL_Driver/Src/stm32u5xx_hal_tim_ex.c:1747:19:HAL_TIMEx_OnePulseN_Stop	16	static
../Drivers/STM32U5xx_HAL_Driver/Src/stm32u5xx_hal_tim_ex.c:1786:19:HAL_TIMEx_OnePulseN_Start_IT	16	static
../Drivers/STM32U5xx_HAL_Driver/Src/stm32u5xx_hal_tim_ex.c:1841:19:HAL_TIMEx_OnePulseN_Stop_IT	16	static
../Drivers/STM32U5xx_HAL_Driver/Src/stm32u5xx_hal_tim_ex.c:1930:19:HAL_TIMEx_ConfigCommutEvent	4	static
../Drivers/STM32U5xx_HAL_Driver/Src/stm32u5xx_hal_tim_ex.c:1995:19:HAL_TIMEx_ConfigCommutEvent_IT	4	static
../Drivers/STM32U5xx_HAL_Driver/Src/stm32u5xx_hal_tim_ex.c:2061:19:HAL_TIMEx_ConfigCommutEvent_DMA	4	static
../Drivers/STM32U5xx_HAL_Driver/Src/stm32u5xx_hal_tim_ex.c:2113:19:HAL_TIMEx_MasterConfigSynchronization	8	static
../Drivers/STM32U5xx_HAL_Driver/Src/stm32u5xx_hal_tim_ex.c:2186:19:HAL_TIMEx_ConfigBreakDeadTime	4	static
../Drivers/STM32U5xx_HAL_Driver/Src/stm32u5xx_hal_tim_ex.c:2268:19:HAL_TIMEx_ConfigBreakInput	16	static
../Drivers/STM32U5xx_HAL_Driver/Src/stm32u5xx_hal_tim_ex.c:2494:19:HAL_TIMEx_RemapConfig	0	static
../Drivers/STM32U5xx_HAL_Driver/Src/stm32u5xx_hal_tim_ex.c:2601:20:HAL_TIMEx_TISelection	0	static
../Drivers/STM32U5xx_HAL_Driver/Src/stm32u5xx_hal_tim_ex.c:2643:19:HAL_TIMEx_GroupChannel5	4	static
../Drivers/STM32U5xx_HAL_Driver/Src/stm32u5xx_hal_tim_ex.c:2681:19:HAL_TIMEx_DisarmBreakInput	0	static
../Drivers/STM32U5xx_HAL_Driver/Src/stm32u5xx_hal_tim_ex.c:2736:19:HAL_TIMEx_ReArmBreakInput	16	static
../Drivers/STM32U5xx_HAL_Driver/Src/stm32u5xx_hal_tim_ex.c:2819:19:HAL_TIMEx_DitheringEnable	0	static
../Drivers/STM32U5xx_HAL_Driver/Src/stm32u5xx_hal_tim_ex.c:2843:19:HAL_TIMEx_DitheringDisable	0	static
../Drivers/STM32U5xx_HAL_Driver/Src/stm32u5xx_hal_tim_ex.c:2861:19:HAL_TIMEx_OC_ConfigPulseOnCompare	4	static
../Drivers/STM32U5xx_HAL_Driver/Src/stm32u5xx_hal_tim_ex.c:2906:19:HAL_TIMEx_ConfigSlaveModePreload	0	static
../Drivers/STM32U5xx_HAL_Driver/Src/stm32u5xx_hal_tim_ex.c:2921:19:HAL_TIMEx_EnableSlaveModePreload	0	static
../Drivers/STM32U5xx_HAL_Driver/Src/stm32u5xx_hal_tim_ex.c:2935:19:HAL_TIMEx_DisableSlaveModePreload	0	static
../Drivers/STM32U5xx_HAL_Driver/Src/stm32u5xx_hal_tim_ex.c:2949:19:HAL_TIMEx_EnableDeadTimePreload	0	static
../Drivers/STM32U5xx_HAL_Driver/Src/stm32u5xx_hal_tim_ex.c:2963:19:HAL_TIMEx_DisableDeadTimePreload	0	static
../Drivers/STM32U5xx_HAL_Driver/Src/stm32u5xx_hal_tim_ex.c:2979:19:HAL_TIMEx_ConfigDeadTime	0	static
../Drivers/STM32U5xx_HAL_Driver/Src/stm32u5xx_hal_tim_ex.c:2996:19:HAL_TIMEx_ConfigAsymmetricalDeadTime	0	static
../Drivers/STM32U5xx_HAL_Driver/Src/stm32u5xx_hal_tim_ex.c:3011:19:HAL_TIMEx_EnableAsymmetricalDeadTime	0	static
../Drivers/STM32U5xx_HAL_Driver/Src/stm32u5xx_hal_tim_ex.c:3025:19:HAL_TIMEx_DisableAsymmetricalDeadTime	0	static
../Drivers/STM32U5xx_HAL_Driver/Src/stm32u5xx_hal_tim_ex.c:3043:19:HAL_TIMEx_ConfigEncoderIndex	16	static
../Drivers/STM32U5xx_HAL_Driver/Src/stm32u5xx_hal_tim_ex.c:3106:19:HAL_TIMEx_EnableEncoderIndex	0	static
../Drivers/STM32U5xx_HAL_Driver/Src/stm32u5xx_hal_tim_ex.c:3120:19:HAL_TIMEx_DisableEncoderIndex	0	static
../Drivers/STM32U5xx_HAL_Driver/Src/stm32u5xx_hal_tim_ex.c:3134:19:HAL_TIMEx_EnableEncoderFirstIndex	0	static
../Drivers/STM32U5xx_HAL_Driver/Src/stm32u5xx_hal_tim_ex.c:3148:19:HAL_TIMEx_DisableEncoderFirstIndex	0	static
../Drivers/STM32U5xx_HAL_Driver/Src/stm32u5xx_hal_tim_ex.c:3182:13:HAL_TIMEx_CommutCallback	0	static
../Drivers/STM32U5xx_HAL_Driver/Src/stm32u5xx_hal_tim_ex.c:3365:6:TIMEx_DMACommutationCplt	8	static
../Drivers/STM32U5xx_HAL_Driver/Src/stm32u5xx_hal_tim_ex.c:3196:13:HAL_TIMEx_CommutHalfCpltCallback	0	static
../Drivers/STM32U5xx_HAL_Driver/Src/stm32u5xx_hal_tim_ex.c:3384:6:TIMEx_DMACommutationHalfCplt	8	static
../Drivers/STM32U5xx_HAL_Driver/Src/stm32u5xx_hal_tim_ex.c:3211:13:HAL_TIMEx_BreakCallback	0	static
../Drivers/STM32U5xx_HAL_Driver/Src/stm32u5xx_hal_tim_ex.c:3226:13:HAL_TIMEx_Break2Callback	0	static
../Drivers/STM32U5xx_HAL_Driver/Src/stm32u5xx_hal_tim_ex.c:3241:13:HAL_TIMEx_EncoderIndexCallback	0	static
../Drivers/STM32U5xx_HAL_Driver/Src/stm32u5xx_hal_tim_ex.c:3256:13:HAL_TIMEx_DirectionChangeCallback	0	static
../Drivers/STM32U5xx_HAL_Driver/Src/stm32u5xx_hal_tim_ex.c:3271:13:HAL_TIMEx_IndexErrorCallback	0	static
../Drivers/STM32U5xx_HAL_Driver/Src/stm32u5xx_hal_tim_ex.c:3286:13:HAL_TIMEx_TransitionErrorCallback	0	static
../Drivers/STM32U5xx_HAL_Driver/Src/stm32u5xx_hal_tim_ex.c:3320:22:HAL_TIMEx_HallSensor_GetState	0	static
../Drivers/STM32U5xx_HAL_Driver/Src/stm32u5xx_hal_tim_ex.c:3336:29:HAL_TIMEx_GetChannelNState	0	static
../Drivers/STM32U5xx_HAL_Driver/Src/stm32u5xx_hal_tim_ex.c:3509:19:HAL_TIMEx_EnableHSE32	0	static
../Drivers/STM32U5xx_HAL_Driver/Src/stm32u5xx_hal_tim_ex.c:3539:19:HAL_TIMEx_DisableHSE32	0	static
