../Drivers/STM32U5xx_HAL_Driver/Src/stm32u5xx_hal_dma.c:1602:13:DMA_SetConfig	8	static
../Drivers/STM32U5xx_HAL_Driver/Src/stm32u5xx_hal_dma.c:1627:13:DMA_Init	4	static
../Drivers/STM32U5xx_HAL_Driver/Src/stm32u5xx_hal_dma.c:240:19:HAL_DMA_Init	16	static
../Drivers/STM32U5xx_HAL_Driver/Src/stm32u5xx_hal_dma.c:320:19:HAL_DMA_DeInit	16	static
../Drivers/STM32U5xx_HAL_Driver/Src/stm32u5xx_hal_dma.c:460:19:HAL_DMA_Start	16	static
../Drivers/STM32U5xx_HAL_Driver/Src/stm32u5xx_hal_dma.c:515:19:HAL_DMA_Start_IT	8	static
../Drivers/STM32U5xx_HAL_Driver/Src/stm32u5xx_hal_dma.c:587:19:HAL_DMA_Abort	16	static
../Drivers/STM32U5xx_HAL_Driver/Src/stm32u5xx_hal_dma.c:679:19:HAL_DMA_Abort_IT	0	static
../Drivers/STM32U5xx_HAL_Driver/Src/stm32u5xx_hal_dma.c:715:19:HAL_DMA_PollForTransfer	24	static
../Drivers/STM32U5xx_HAL_Driver/Src/stm32u5xx_hal_dma.c:887:6:HAL_DMA_IRQHandler	8	static,ignoring_inline_asm
../Drivers/STM32U5xx_HAL_Driver/Src/stm32u5xx_hal_dma.c:1145:19:HAL_DMA_RegisterCallback	0	static
../Drivers/STM32U5xx_HAL_Driver/Src/stm32u5xx_hal_dma.c:1224:19:HAL_DMA_UnRegisterCallback	0	static
../Drivers/STM32U5xx_HAL_Driver/Src/stm32u5xx_hal_dma.c:1332:22:HAL_DMA_GetState	0	static
../Drivers/STM32U5xx_HAL_Driver/Src/stm32u5xx_hal_dma.c:1344:10:HAL_DMA_GetError	0	static
../Drivers/STM32U5xx_HAL_Driver/Src/stm32u5xx_hal_dma.c:1388:19:HAL_DMA_ConfigChannelAttributes	0	static
../Drivers/STM32U5xx_HAL_Driver/Src/stm32u5xx_hal_dma.c:1476:19:HAL_DMA_GetConfigChannelAttributes	0	static
../Drivers/STM32U5xx_HAL_Driver/Src/stm32u5xx_hal_dma.c:1555:19:HAL_DMA_GetLockChannelAttributes	0	static
